Number of all cs_relpron instances (represented on the t-layer)?
335

Which level did find the counterpart?

58.17	58.17	25.00	178	SELF-PRONOUN
21.57	79.74	50.00	66	PARENTS-COREF-FUNCTOR
16.01	95.75	75.00	49	SIBLINGS-FUNCTOR
4.25	100.00	100.00	13	SELF-SIBLINGS-APPS-EMPVERB
--------------------------------------------------
                       306	TOTAL


Which level did find the counterpart (fine-grained)?

58.17	58.17	8.33	178	SELF-PRONOUN
16.99	75.16	16.67	52	PARENTS-COREF-FUNCTOR_1
8.82	83.99	25.00	27	SIBLINGS-FUNCTOR_N-UNDIRECT
3.27	87.25	33.33	10	PARENTS-COREF-FUNCTOR_2
2.61	89.87	41.67	 8	SIBLINGS-FUNCTOR_V-UNDIRECT
2.29	92.16	50.00	 7	SELF-SIBLINGS-APPS-EMPVERB_APPOS
1.96	94.12	58.33	 6	SIBLINGS-FUNCTOR_3
1.63	95.75	66.67	 5	SIBLINGS-FUNCTOR_1
1.31	97.06	75.00	 4	PARENTS-COREF-FUNCTOR_3
0.98	98.04	83.33	 3	SIBLINGS-FUNCTOR_APPOS
0.98	99.02	91.67	 3	SELF-SIBLINGS-APPS-EMPVERB_APPOS-EMPVERB
0.98	100.00	100.00	 3	SELF-SIBLINGS-APPS-EMPVERB_UNDIRECT-NV-EMPVERB
--------------------------------------------------
                       306	TOTAL
