../tmp/testing_import_ali_annot/04.cs-with-ru.poss.import/wsj_1900.final.streex##2.a_tree-cs_src-s2-n247	jeho	jeho_^(přivlast.)	PS	PSXXXZS3-------	CS:  <POS>	../tmp/testing_import_ali_annot/04.cs-with-ru.poss.import/wsj_1900.final.streex##2.a_tree-en_src-s2-n76	his	his	PR	PRP$	EN:  <POS>	../tmp/testing_import_ali_annot/04.cs-with-ru.poss.import/wsj_1900.final.streex##2.a_tree-ru_src-s2-n82	его	он	P-	P-3msa	RU:  <POS>
../tmp/testing_import_ali_annot/04.cs-with-ru.poss.import/wsj_1901.final.streex##2.a_tree-cs_src-s2-n258	Jeho	jeho_^(přivlast.)	PS	PSXXXZS3-------	CS:  <POS> 	../tmp/testing_import_ali_annot/04.cs-with-ru.poss.import/wsj_1901.final.streex##2.a_tree-en_src-s2-n32	His	his	PR	PRP$	EN:  <POS>	../tmp/testing_import_ali_annot/04.cs-with-ru.poss.import/wsj_1901.final.streex##2.a_tree-ru_src-s2-n29	Его	он	P-	P-3msa	RU:  <POS> 
../tmp/testing_import_ali_annot/04.cs-with-ru.poss.import/wsj_1901.final.streex##6.a_tree-cs_src-s6-n353	svůj	svůj-1_^(přivlast.)	P8	P8IS4----------	CS:  <RFL> <OPT> <MSP>  	../tmp/testing_import_ali_annot/04.cs-with-ru.poss.import/wsj_1901.final.streex##6.a_tree-en_src-s6-n145	its	its	PR	PRP$	EN:  <POS>	undef	undef	undef	undef	undef	RU:  <NUL> 
../tmp/testing_import_ali_annot/04.cs-with-ru.poss.import/wsj_1902.final.streex##1.a_tree-cs_src-s1-n170	její	jeho_^(přivlast.)	PS	PSZS1FS3-------	CS:  <POS>	../tmp/testing_import_ali_annot/04.cs-with-ru.poss.import/wsj_1902.final.streex##1.a_tree-en_src-s1-n5	its	its	PR	PRP$	EN:  <POS>	../tmp/testing_import_ali_annot/04.cs-with-ru.poss.import/wsj_1902.final.streex##1.a_tree-ru_src-s1-n7	его	он	P-	P-3msa	RU:  <POS>
../tmp/testing_import_ali_annot/04.cs-with-ru.poss.import/wsj_1902.final.streex##6.a_tree-cs_src-s6-n275	její	jeho_^(přivlast.)	PS	PSFSXFS3-------	CS:  <POS> 	../tmp/testing_import_ali_annot/04.cs-with-ru.poss.import/wsj_1902.final.streex##6.a_tree-en_src-s6-n124	its	its	PR	PRP$	EN:  <POS>	undef	undef	undef	undef	undef	RU:  <NUL>
../tmp/testing_import_ali_annot/04.cs-with-ru.poss.import/wsj_1903.final.streex##10.a_tree-cs_src-s10-n1285	svého	svůj-1_^(přivlast.)	P8	P8ZS2----------	CS:  <RFL> <OPT?>	../tmp/testing_import_ali_annot/04.cs-with-ru.poss.import/wsj_1903.final.streex##10.a_tree-en_src-s10-n208	its	its	PR	PRP$	EN:  <POS>	../tmp/testing_import_ali_annot/04.cs-with-ru.poss.import/wsj_1903.final.streex##10.a_tree-ru_src-s10-n189	своего	свой	P-	P--msg	RU:  <RFL> <OPT> 
../tmp/testing_import_ali_annot/04.cs-with-ru.poss.import/wsj_1903.final.streex##12.a_tree-cs_src-s12-n1323	Jejich	jeho_^(přivlast.)	PS	PSXXXXP3-------	CS:  <POS>	../tmp/testing_import_ali_annot/04.cs-with-ru.poss.import/wsj_1903.final.streex##12.a_tree-en_src-s12-n255	Their	their	PR	PRP$	EN:  <POS>	../tmp/testing_import_ali_annot/04.cs-with-ru.poss.import/wsj_1903.final.streex##12.a_tree-ru_src-s12-n233	Их	они	P-	P-3-pa	RU:  <POS> 
../tmp/testing_import_ali_annot/04.cs-with-ru.poss.import/wsj_1903.final.streex##13.a_tree-cs_src-s13-n1340	svůj	svůj-1_^(přivlast.)	P8	P8IS4----------	CS:  <RFL> <OPT?> <EXT>	../tmp/testing_import_ali_annot/04.cs-with-ru.poss.import/wsj_1903.final.streex##13.a_tree-en_src-s13-n272	its	its	PR	PRP$	EN:  <POS>	../tmp/testing_import_ali_annot/04.cs-with-ru.poss.import/wsj_1903.final.streex##13.a_tree-ru_src-s13-n255	свой	свой	P-	P--msa	RU:  <RFL> <OPT>
../tmp/testing_import_ali_annot/04.cs-with-ru.poss.import/wsj_1903.final.streex##16.a_tree-cs_src-s16-n1410	jejich	jeho_^(přivlast.)	PS	PSXXXXP3-------	CS:  <POS>	../tmp/testing_import_ali_annot/04.cs-with-ru.poss.import/wsj_1903.final.streex##16.a_tree-en_src-s16-n350	their	their	PR	PRP$	EN:  <POS>	../tmp/testing_import_ali_annot/04.cs-with-ru.poss.import/wsj_1903.final.streex##16.a_tree-ru_src-s16-n330	их	они	P-	P-3-pa	RU:  <POS>
../tmp/testing_import_ali_annot/04.cs-with-ru.poss.import/wsj_1903.final.streex##20.a_tree-cs_src-s20-n1468	svou	svůj-1_^(přivlast.)	P8	P8FS4---------1	CS:  <RFL> <OPT?>	../tmp/testing_import_ali_annot/04.cs-with-ru.poss.import/wsj_1903.final.streex##20.a_tree-en_src-s20-n422	his	his	PR	PRP$	EN:  <POS>	undef	undef	undef	undef	undef	RU:  <NUL>
../tmp/testing_import_ali_annot/04.cs-with-ru.poss.import/wsj_1903.final.streex##23.a_tree-cs_src-s23-n1529	jeho	jeho_^(přivlast.)	PS	PSXXXZS3-------	CS:  <POS>	../tmp/testing_import_ali_annot/04.cs-with-ru.poss.import/wsj_1903.final.streex##23.a_tree-en_src-s23-n489	his	his	PR	PRP$	EN:  <POS>	../tmp/testing_import_ali_annot/04.cs-with-ru.poss.import/wsj_1903.final.streex##23.a_tree-ru_src-s23-n469	его	он	P-	P-3msa	RU:  <POS> 
../tmp/testing_import_ali_annot/04.cs-with-ru.poss.import/wsj_1903.final.streex##28.a_tree-cs_src-s28-n1625	jeho	jeho_^(přivlast.)	PS	PSXXXZS3-------	CS:  <POS>	undef	undef	undef	undef	undef	EN: <ERR>Anja_check<NUL> 	undef	undef	undef	undef	undef	RU: <ERR>Anja_check<NUL> 
../tmp/testing_import_ali_annot/04.cs-with-ru.poss.import/wsj_1903.final.streex##30.a_tree-cs_src-s30-n1694	svého	svůj-1_^(přivlast.)	P8	P8ZS2----------	CS:  <RFL>	../tmp/testing_import_ali_annot/04.cs-with-ru.poss.import/wsj_1903.final.streex##30.a_tree-en_src-s30-n674	its	its	PR	PRP$	EN:  <POS>	../tmp/testing_import_ali_annot/04.cs-with-ru.poss.import/wsj_1903.final.streex##30.a_tree-ru_src-s30-n651	свою	свой	P-	P--fsa	RU:  <RFL>
../tmp/testing_import_ali_annot/04.cs-with-ru.poss.import/wsj_1903.final.streex##38.a_tree-cs_src-s38-n1859	Jejich	jeho_^(přivlast.)	PS	PSXXXXP3-------	CS:  <POS>	../tmp/testing_import_ali_annot/04.cs-with-ru.poss.import/wsj_1903.final.streex##38.a_tree-en_src-s38-n851	Their	their	PR	PRP$	EN:  <POS>	../tmp/testing_import_ali_annot/04.cs-with-ru.poss.import/wsj_1903.final.streex##38.a_tree-ru_src-s38-n825	Их	они	P-	P-3-pa	RU:  <POS> 
../tmp/testing_import_ali_annot/04.cs-with-ru.poss.import/wsj_1903.final.streex##39.a_tree-cs_src-s39-n1897	jeho	jeho_^(přivlast.)	PS	PSXXXZS3-------	CS:  <POS>	../tmp/testing_import_ali_annot/04.cs-with-ru.poss.import/wsj_1903.final.streex##39.a_tree-en_src-s39-n893	his	his	PR	PRP$	EN:  <POS>	../tmp/testing_import_ali_annot/04.cs-with-ru.poss.import/wsj_1903.final.streex##39.a_tree-ru_src-s39-n859	его	он	P-	P-3msa	RU:  <POS>
../tmp/testing_import_ali_annot/04.cs-with-ru.poss.import/wsj_1903.final.streex##40.a_tree-cs_src-s40-n1915	jejich	jeho_^(přivlast.)	PS	PSXXXXP3-------	CS:  <POS>	../tmp/testing_import_ali_annot/04.cs-with-ru.poss.import/wsj_1903.final.streex##40.a_tree-en_src-s40-n912	their	their	PR	PRP$	EN:  <POS>	../tmp/testing_import_ali_annot/04.cs-with-ru.poss.import/wsj_1903.final.streex##40.a_tree-ru_src-s40-n879	их	они	P-	P-3-pa	RU:  <POS>
../tmp/testing_import_ali_annot/04.cs-with-ru.poss.import/wsj_1903.final.streex##42.a_tree-cs_src-s42-n1945	jeho	jeho_^(přivlast.)	PS	PSXXXZS3-------	CS:  <POS>	../tmp/testing_import_ali_annot/04.cs-with-ru.poss.import/wsj_1903.final.streex##42.a_tree-en_src-s42-n951	its	its	PR	PRP$	EN:  <POS>	../tmp/testing_import_ali_annot/04.cs-with-ru.poss.import/wsj_1903.final.streex##42.a_tree-ru_src-s42-n912	её	она	P-	P-3fsa	RU:  <POS>
../tmp/testing_import_ali_annot/04.cs-with-ru.poss.import/wsj_1903.final.streex##44.a_tree-cs_src-s44-n1975	své	svůj-1_^(přivlast.)	P8	P8NS4---------1	CS:  <RSL> <EXT> <OPT?>	../tmp/testing_import_ali_annot/04.cs-with-ru.poss.import/wsj_1903.final.streex##44.a_tree-en_src-s44-n989	her	her	PR	PRP$	EN:  <POS>	../tmp/testing_import_ali_annot/04.cs-with-ru.poss.import/wsj_1903.final.streex##44.a_tree-ru_src-s44-n949	свой	свой	P-	P--msa	RU:  <RSL> <OPT>
../tmp/testing_import_ali_annot/04.cs-with-ru.poss.import/wsj_1904.final.streex##4.a_tree-cs_src-s4-n293	své	svůj-1_^(přivlast.)	P8	P8FS2---------1	CS:  <RFL>	../tmp/testing_import_ali_annot/04.cs-with-ru.poss.import/wsj_1904.final.streex##4.a_tree-en_src-s4-n148	the	the	DT	DT	EN: <THE>	undef	undef	undef	undef	undef	RU: <NUL>
../tmp/testing_import_ali_annot/04.cs-with-ru.poss.import/wsj_1908.final.streex##4.a_tree-cs_src-s4-n260	její	jeho_^(přivlast.)	PS	PSFSXFS3-------	CS:  <POS>	../tmp/testing_import_ali_annot/04.cs-with-ru.poss.import/wsj_1908.final.streex##4.a_tree-en_src-s4-n119	its	its	PR	PRP$	EN:  <POS>	../tmp/testing_import_ali_annot/04.cs-with-ru.poss.import/wsj_1908.final.streex##4.a_tree-ru_src-s4-n121	его	он	P-	P-3msa	RU:  <POS> 
../tmp/testing_import_ali_annot/04.cs-with-ru.poss.import/wsj_1909.final.streex##1.a_tree-cs_src-s1-n184	své	svůj-1_^(přivlast.)	P8	P8FS2---------1	CS:  <RFL> <OPT> <MSP> 	../tmp/testing_import_ali_annot/04.cs-with-ru.poss.import/wsj_1909.final.streex##1.a_tree-en_src-s1-n26	its	its	PR	PRP$	EN:  <POS>	undef	undef	undef	undef	undef	RU:  <NUL> 
../tmp/testing_import_ali_annot/04.cs-with-ru.poss.import/wsj_1910.final.streex##4.a_tree-cs_src-s4-n285	jejím	jeho_^(přivlast.)	PS	PSZS6FS3-------	CS:  <POS>	../tmp/testing_import_ali_annot/04.cs-with-ru.poss.import/wsj_1910.final.streex##4.a_tree-en_src-s4-n115	its	its	PR	PRP$	EN:  <POS>	../tmp/testing_import_ali_annot/04.cs-with-ru.poss.import/wsj_1910.final.streex##4.a_tree-ru_src-s4-n121	её	она	P-	P-3fsa	RU:  <POS> 
../tmp/testing_import_ali_annot/04.cs-with-ru.poss.import/wsj_1910.final.streex##4.a_tree-cs_src-s4-n278	jejích	jeho_^(přivlast.)	PS	PSXP2FS3-------	CS:  <POS>	../tmp/testing_import_ali_annot/04.cs-with-ru.poss.import/wsj_1910.final.streex##4.a_tree-en_src-s4-n106	its	its	PR	PRP$	EN:  <POS>	../tmp/testing_import_ali_annot/04.cs-with-ru.poss.import/wsj_1910.final.streex##4.a_tree-ru_src-s4-n110	ее	ее	P-	P--nsa	RU:  <POS>
../tmp/testing_import_ali_annot/04.cs-with-ru.poss.import/wsj_1911.final.streex##2.a_tree-cs_src-s2-n236	své	svůj-1_^(přivlast.)	P8	P8FS2---------1	CS:  <RFL>	../tmp/testing_import_ali_annot/04.cs-with-ru.poss.import/wsj_1911.final.streex##2.a_tree-en_src-s2-n41	its	its	PR	PRP$	EN:  <POS>	../tmp/testing_import_ali_annot/04.cs-with-ru.poss.import/wsj_1911.final.streex##2.a_tree-ru_src-s2-n39	своей	свой	P-	P--fsg	RU:  <RFL> 
../tmp/testing_import_ali_annot/04.cs-with-ru.poss.import/wsj_1911.final.streex##7.a_tree-cs_src-s7-n355	svých	svůj-1_^(přivlast.)	P8	P8XP2----------	CS:  <RFL>	undef	undef	undef	undef	undef	EN: <PER>	undef	undef	undef	undef	undef	RU: <PER> 
../tmp/testing_import_ali_annot/04.cs-with-ru.poss.import/wsj_1911.final.streex##7.a_tree-cs_src-s7-n360	její	jeho_^(přivlast.)	PS	PSFSXFS3-------	CS:  <POS>	../tmp/testing_import_ali_annot/04.cs-with-ru.poss.import/wsj_1911.final.streex##7.a_tree-en_src-s7-n154	its	its	PR	PRP$	EN:  <POS>	../tmp/testing_import_ali_annot/04.cs-with-ru.poss.import/wsj_1911.final.streex##7.a_tree-ru_src-s7-n167	её	она	P-	P-3fsa	RU:  <POS>
../tmp/testing_import_ali_annot/04.cs-with-ru.poss.import/wsj_1912.final.streex##1.a_tree-cs_src-s1-n270	svými	svůj-1_^(přivlast.)	P8	P8XP7----------	CS:  <RFL>  <PER> (I added <> to <svými>)	../tmp/testing_import_ali_annot/04.cs-with-ru.poss.import/wsj_1912.final.streex##1.a_tree-en_src-s1-n9	its	its	PR	PRP$	EN:  <POS>	../tmp/testing_import_ali_annot/04.cs-with-ru.poss.import/wsj_1912.final.streex##1.a_tree-ru_src-s1-n21	своего	свой	P-	P--nsg	RU:  <RFL>
../tmp/testing_import_ali_annot/04.cs-with-ru.poss.import/wsj_1913.final.streex##1.a_tree-cs_src-s1-n242	jejího	jeho_^(přivlast.)	PS	PSZS2FS3-------	CS:  <POS>	../tmp/testing_import_ali_annot/04.cs-with-ru.poss.import/wsj_1913.final.streex##1.a_tree-en_src-s1-n24	company	company	NN	NN	EN: <NOUN>	undef	undef	undef	undef	undef	RU: <NUL>
../tmp/testing_import_ali_annot/04.cs-with-ru.poss.import/wsj_1914.final.streex##2.a_tree-cs_src-s2-n248	jejich	jeho_^(přivlast.)	PS	PSXXXXP3-------	CS:  <POS> <OPT> 	../tmp/testing_import_ali_annot/04.cs-with-ru.poss.import/wsj_1914.final.streex##2.a_tree-en_src-s2-n59	their	their	PR	PRP$	EN:  <POS>	../tmp/testing_import_ali_annot/04.cs-with-ru.poss.import/wsj_1914.final.streex##2.a_tree-ru_src-s2-n54	их	они	P-	P-3-pa	RU:  <POS> <OPT> 
../tmp/testing_import_ali_annot/04.cs-with-ru.poss.import/wsj_1915.final.streex##1.a_tree-cs_src-s1-n3489	svých	svůj-1_^(přivlast.)	P8	P8XP6----------	CS:  <RFL> 	../tmp/testing_import_ali_annot/04.cs-with-ru.poss.import/wsj_1915.final.streex##1.a_tree-en_src-s1-n23	their	their	PR	PRP$	EN:  <POS>	../tmp/testing_import_ali_annot/04.cs-with-ru.poss.import/wsj_1915.final.streex##1.a_tree-ru_src-s1-n18	их	они	P-	P-3-pa	RU:  <POS> 
../tmp/testing_import_ali_annot/04.cs-with-ru.poss.import/wsj_1915.final.streex##7.a_tree-cs_src-s7-n3620	jejích	jeho_^(přivlast.)	PS	PSXP2FS3-------	CS:  <POS>	../tmp/testing_import_ali_annot/04.cs-with-ru.poss.import/wsj_1915.final.streex##7.a_tree-en_src-s7-n141	its	its	PR	PRP$	EN:  <POS>	../tmp/testing_import_ali_annot/04.cs-with-ru.poss.import/wsj_1915.final.streex##7.a_tree-ru_src-s7-n132	её	она	P-	P-3fsg	RU:  <POS> 
../tmp/testing_import_ali_annot/04.cs-with-ru.poss.import/wsj_1915.final.streex##12.a_tree-cs_src-s12-n3825	její	jeho_^(přivlast.)	PS	PSFSXFS3-------	CS:  <POS>	../tmp/testing_import_ali_annot/04.cs-with-ru.poss.import/wsj_1915.final.streex##12.a_tree-en_src-s12-n318	its	its	PR	PRP$	EN:  <POS>	../tmp/testing_import_ali_annot/04.cs-with-ru.poss.import/wsj_1915.final.streex##12.a_tree-ru_src-s12-n302	его	он	P-	P-3msa	RU:  <POS> 
../tmp/testing_import_ali_annot/04.cs-with-ru.poss.import/wsj_1915.final.streex##19.a_tree-cs_src-s19-n4060	jejích	jeho_^(přivlast.)	PS	PSXP2FS3-------	CS:  <POS>	../tmp/testing_import_ali_annot/04.cs-with-ru.poss.import/wsj_1915.final.streex##19.a_tree-en_src-s19-n529	its	its	PR	PRP$	EN:  <POS>	../tmp/testing_import_ali_annot/04.cs-with-ru.poss.import/wsj_1915.final.streex##19.a_tree-ru_src-s19-n504	её	она	P-	P-3fsg	RU:  <POS>
../tmp/testing_import_ali_annot/04.cs-with-ru.poss.import/wsj_1915.final.streex##21.a_tree-cs_src-s21-n4114	svých	svůj-1_^(přivlast.)	P8	P8XP2----------	CS:  <RFL> <OPT>?	../tmp/testing_import_ali_annot/04.cs-with-ru.poss.import/wsj_1915.final.streex##21.a_tree-en_src-s21-n585	its	its	PR	PRP$	EN:  <POS>	../tmp/testing_import_ali_annot/04.cs-with-ru.poss.import/wsj_1915.final.streex##21.a_tree-ru_src-s21-n558	своих	свой	P-	P---pg	RU:  <RFL> <OPT>?
../tmp/testing_import_ali_annot/04.cs-with-ru.poss.import/wsj_1915.final.streex##21.a_tree-cs_src-s21-n4121	její	jeho_^(přivlast.)	PS	PSXP1FS3-------	CS:  <POS>	../tmp/testing_import_ali_annot/04.cs-with-ru.poss.import/wsj_1915.final.streex##21.a_tree-en_src-s21-n593	its	its	PR	PRP$	EN:  <POS>	../tmp/testing_import_ali_annot/04.cs-with-ru.poss.import/wsj_1915.final.streex##21.a_tree-ru_src-s21-n564	её	она	P-	P-3fsa	RU:  <POS> 
../tmp/testing_import_ali_annot/04.cs-with-ru.poss.import/wsj_1915.final.streex##22.a_tree-cs_src-s22-n4143	její	jeho_^(přivlast.)	PS	PSZS1FS3-------	CS:  <POS> <OPT>?	../tmp/testing_import_ali_annot/04.cs-with-ru.poss.import/wsj_1915.final.streex##22.a_tree-en_src-s22-n615	its	its	PR	PRP$	EN:  <POS>	../tmp/testing_import_ali_annot/04.cs-with-ru.poss.import/wsj_1915.final.streex##22.a_tree-ru_src-s22-n588	ее	ее	P-	P--nsa	RU:  <POS> <OPT>? 
../tmp/testing_import_ali_annot/04.cs-with-ru.poss.import/wsj_1915.final.streex##24.a_tree-cs_src-s24-n4201	její	jeho_^(přivlast.)	PS	PSZS1FS3-------	CS:  <POS>	../tmp/testing_import_ali_annot/04.cs-with-ru.poss.import/wsj_1915.final.streex##24.a_tree-en_src-s24-n664	its	its	PR	PRP$	EN:  <POS>	../tmp/testing_import_ali_annot/04.cs-with-ru.poss.import/wsj_1915.final.streex##24.a_tree-ru_src-s24-n636	его	он	P-	P-3msa	RU:  <POS>
../tmp/testing_import_ali_annot/04.cs-with-ru.poss.import/wsj_1915.final.streex##26.a_tree-cs_src-s26-n4258	svého	svůj-1_^(přivlast.)	P8	P8ZS2----------	CS:  <RFL> 	../tmp/testing_import_ali_annot/04.cs-with-ru.poss.import/wsj_1915.final.streex##26.a_tree-en_src-s26-n720	its	its	PR	PRP$	EN:  <POS>	../tmp/testing_import_ali_annot/04.cs-with-ru.poss.import/wsj_1915.final.streex##26.a_tree-ru_src-s26-n689	своей	свой	P-	P--fsi	RU:  <RFL> 
../tmp/testing_import_ali_annot/04.cs-with-ru.poss.import/wsj_1915.final.streex##30.a_tree-cs_src-s30-n4354	jejích	jeho_^(přivlast.)	PS	PSXP2FS3-------	CS:  <POS>	../tmp/testing_import_ali_annot/04.cs-with-ru.poss.import/wsj_1915.final.streex##30.a_tree-en_src-s30-n809	its	its	PR	PRP$	EN:  <POS>	../tmp/testing_import_ali_annot/04.cs-with-ru.poss.import/wsj_1915.final.streex##30.a_tree-ru_src-s30-n777	его	он	P-	P-3msg	RU:  <POS>
../tmp/testing_import_ali_annot/04.cs-with-ru.poss.import/wsj_1915.final.streex##32.a_tree-cs_src-s32-n4430	jejích	jeho_^(přivlast.)	PS	PSXP2FS3-------	CS:  <POS>	../tmp/testing_import_ali_annot/04.cs-with-ru.poss.import/wsj_1915.final.streex##32.a_tree-en_src-s32-n879	its	its	PR	PRP$	EN:  <POS>	../tmp/testing_import_ali_annot/04.cs-with-ru.poss.import/wsj_1915.final.streex##32.a_tree-ru_src-s32-n847	его	он	P-	P-3msg	RU:  <POS> 
../tmp/testing_import_ali_annot/04.cs-with-ru.poss.import/wsj_1915.final.streex##38.a_tree-cs_src-s38-n4584	své	svůj-1_^(přivlast.)	P8	P8FS2---------1	CS:  <RFL>	undef	undef	undef	undef	undef	EN: <NOUN> 	undef	undef	undef	undef	undef	RU: <NUL> 
../tmp/testing_import_ali_annot/04.cs-with-ru.poss.import/wsj_1915.final.streex##40.a_tree-cs_src-s40-n4660	svých	svůj-1_^(přivlast.)	P8	P8XP2----------	CS:  <RFL>	../tmp/testing_import_ali_annot/04.cs-with-ru.poss.import/wsj_1915.final.streex##40.a_tree-en_src-s40-n1080	its	its	PR	PRP$	EN:  <POS>	../tmp/testing_import_ali_annot/04.cs-with-ru.poss.import/wsj_1915.final.streex##40.a_tree-ru_src-s40-n1048	своих	свой	P-	P---pg	RU:  <RFL> 
../tmp/testing_import_ali_annot/04.cs-with-ru.poss.import/wsj_1915.final.streex##40.a_tree-cs_src-s40-n4671	svých	svůj-1_^(přivlast.)	P8	P8XP2----------	CS:  <RFL> 	../tmp/testing_import_ali_annot/04.cs-with-ru.poss.import/wsj_1915.final.streex##40.a_tree-en_src-s40-n1089	its	its	PR	PRP$	EN:  <POS>	undef	undef	undef	undef	undef	RU:  <NUL> 
../tmp/testing_import_ali_annot/04.cs-with-ru.poss.import/wsj_1915.final.streex##44.a_tree-cs_src-s44-n4791	svých	svůj-1_^(přivlast.)	P8	P8XP6----------	CS:  <RFL> 	../tmp/testing_import_ali_annot/04.cs-with-ru.poss.import/wsj_1915.final.streex##44.a_tree-en_src-s44-n1203	its	its	PR	PRP$	EN:  <POS>	../tmp/testing_import_ali_annot/04.cs-with-ru.poss.import/wsj_1915.final.streex##44.a_tree-ru_src-s44-n1164	своем	свой	P-	P--msl	RU:  <RFL> 
../tmp/testing_import_ali_annot/04.cs-with-ru.poss.import/wsj_1915.final.streex##44.a_tree-cs_src-s44-n4808	své	svůj-1_^(přivlast.)	P8	P8FS2---------1	CS:  <RFL>	../tmp/testing_import_ali_annot/04.cs-with-ru.poss.import/wsj_1915.final.streex##44.a_tree-en_src-s44-n1218	its	its	PR	PRP$	EN:  <POS>	../tmp/testing_import_ali_annot/04.cs-with-ru.poss.import/wsj_1915.final.streex##44.a_tree-ru_src-s44-n1182	его	он	P-	P-3msa	RU:  <POS> 
../tmp/testing_import_ali_annot/04.cs-with-ru.poss.import/wsj_1915.final.streex##47.a_tree-cs_src-s47-n4907	její	jeho_^(přivlast.)	PS	PSFSXFS3-------	CS:  <POS>	../tmp/testing_import_ali_annot/04.cs-with-ru.poss.import/wsj_1915.final.streex##47.a_tree-en_src-s47-n1302	its	its	PR	PRP$	EN:  <POS>	../tmp/testing_import_ali_annot/04.cs-with-ru.poss.import/wsj_1915.final.streex##47.a_tree-ru_src-s47-n1266	его	он	P-	P-3msa	RU:  <POS> 
../tmp/testing_import_ali_annot/04.cs-with-ru.poss.import/wsj_1915.final.streex##48.a_tree-cs_src-s48-n4955	její	jeho_^(přivlast.)	PS	PSXP1FS3-------	CS:  <POS> 	../tmp/testing_import_ali_annot/04.cs-with-ru.poss.import/wsj_1915.final.streex##48.a_tree-en_src-s48-n1346	its	its	PR	PRP$	EN:  <POS>	../tmp/testing_import_ali_annot/04.cs-with-ru.poss.import/wsj_1915.final.streex##48.a_tree-ru_src-s48-n1309	его	он	P-	P-3msa	RU:  <POS> 
../tmp/testing_import_ali_annot/04.cs-with-ru.poss.import/wsj_1915.final.streex##49.a_tree-cs_src-s49-n5007	jejích	jeho_^(přivlast.)	PS	PSXP2FS3-------	CS:  <POS>	../tmp/testing_import_ali_annot/04.cs-with-ru.poss.import/wsj_1915.final.streex##49.a_tree-en_src-s49-n1392	its	its	PR	PRP$	EN:  <POS>	../tmp/testing_import_ali_annot/04.cs-with-ru.poss.import/wsj_1915.final.streex##49.a_tree-ru_src-s49-n1352	его	он	P-	P-3msa	RU:  <POS> 
../tmp/testing_import_ali_annot/04.cs-with-ru.poss.import/wsj_1915.final.streex##49.a_tree-cs_src-s49-n5015	jejích	jeho_^(přivlast.)	PS	PSXP2FS3-------	CS:  <POS> <OPT> 	../tmp/testing_import_ali_annot/04.cs-with-ru.poss.import/wsj_1915.final.streex##49.a_tree-en_src-s49-n1403	its	its	PR	PRP$	EN:  <POS>	../tmp/testing_import_ali_annot/04.cs-with-ru.poss.import/wsj_1915.final.streex##49.a_tree-ru_src-s49-n1361	его	он	P-	P-3msa	RU:  <POS> <OPT> 
../tmp/testing_import_ali_annot/04.cs-with-ru.poss.import/wsj_1915.final.streex##51.a_tree-cs_src-s51-n5100	její	jeho_^(přivlast.)	PS	PSFSXFS3-------	CS:  <POS> <OPT>	../tmp/testing_import_ali_annot/04.cs-with-ru.poss.import/wsj_1915.final.streex##51.a_tree-en_src-s51-n1474	its	its	PR	PRP$	EN:  <POS>	undef	undef	undef	undef	undef	RU:  <NUL> <OPT> 
../tmp/testing_import_ali_annot/04.cs-with-ru.poss.import/wsj_1915.final.streex##53.a_tree-cs_src-s53-n5163	svém	svůj-1_^(přivlast.)	P8	P8ZS6----------	CS:  <RFL> <MSP>	../tmp/testing_import_ali_annot/04.cs-with-ru.poss.import/wsj_1915.final.streex##53.a_tree-en_src-s53-n1531	its	its	PR	PRP$	EN:  <POS>	undef	undef	undef	undef	undef	RU:  <NUL> 
../tmp/testing_import_ali_annot/04.cs-with-ru.poss.import/wsj_1915.final.streex##64.a_tree-cs_src-s64-n5432	její	jeho_^(přivlast.)	PS	PSZS1FS3-------	CS:  <POS> 	../tmp/testing_import_ali_annot/04.cs-with-ru.poss.import/wsj_1915.final.streex##64.a_tree-en_src-s64-n1781	its	its	PR	PRP$	EN:  <POS>	../tmp/testing_import_ali_annot/04.cs-with-ru.poss.import/wsj_1915.final.streex##64.a_tree-ru_src-s64-n1734	её	она	P-	P-3fsa	RU:  <POS> 
../tmp/testing_import_ali_annot/04.cs-with-ru.poss.import/wsj_1915.final.streex##66.a_tree-cs_src-s66-n5490	jejích	jeho_^(přivlast.)	PS	PSXP2FS3-------	CS:  <POS> 	../tmp/testing_import_ali_annot/04.cs-with-ru.poss.import/wsj_1915.final.streex##66.a_tree-en_src-s66-n1836	its	its	PR	PRP$	EN:  <POS>	../tmp/testing_import_ali_annot/04.cs-with-ru.poss.import/wsj_1915.final.streex##66.a_tree-ru_src-s66-n1790	её	она	P-	P-3fsg	RU:  <POS> 
../tmp/testing_import_ali_annot/04.cs-with-ru.poss.import/wsj_1915.final.streex##71.a_tree-cs_src-s71-n5643	svoji	svůj-1_^(přivlast.)	P8	P8FS4----------	CS:  <RFL> 	../tmp/testing_import_ali_annot/04.cs-with-ru.poss.import/wsj_1915.final.streex##71.a_tree-en_src-s71-n1966	its	its	PR	PRP$	EN:  <POS>	../tmp/testing_import_ali_annot/04.cs-with-ru.poss.import/wsj_1915.final.streex##71.a_tree-ru_src-s71-n1922	её	она	P-	P-3fsa	RU:  <POS> 
../tmp/testing_import_ali_annot/04.cs-with-ru.poss.import/wsj_1915.final.streex##72.a_tree-cs_src-s72-n5663	svými	svůj-1_^(přivlast.)	P8	P8XP7----------	CS:  <RFL> 	../tmp/testing_import_ali_annot/04.cs-with-ru.poss.import/wsj_1915.final.streex##72.a_tree-en_src-s72-n1980	its	its	PR	PRP$	EN:  <POS>	../tmp/testing_import_ali_annot/04.cs-with-ru.poss.import/wsj_1915.final.streex##72.a_tree-ru_src-s72-n1936	его	он	P-	P-3msa	RU:  <POS> 
../tmp/testing_import_ali_annot/04.cs-with-ru.poss.import/wsj_1915.final.streex##73.a_tree-cs_src-s73-n5678	její	jeho_^(přivlast.)	PS	PSFSXFS3-------	CS:  <POS>	../tmp/testing_import_ali_annot/04.cs-with-ru.poss.import/wsj_1915.final.streex##73.a_tree-en_src-s73-n2002	company	company	NN	NN	EN: <NOUN> 	undef	undef	undef	undef	undef	RU: <NUL> 
../tmp/testing_import_ali_annot/04.cs-with-ru.poss.import/wsj_1915.final.streex##75.a_tree-cs_src-s75-n5742	svého	svůj-1_^(přivlast.)	P8	P8ZS2----------	CS:  <RFL>	../tmp/testing_import_ali_annot/04.cs-with-ru.poss.import/wsj_1915.final.streex##75.a_tree-en_src-s75-n2060	its	its	PR	PRP$	EN:  <POS>	../tmp/testing_import_ali_annot/04.cs-with-ru.poss.import/wsj_1915.final.streex##75.a_tree-ru_src-s75-n2012	его	он	P-	P-3msa	RU:  <POS> <OPT> 
../tmp/testing_import_ali_annot/04.cs-with-ru.poss.import/wsj_1915.final.streex##76.a_tree-cs_src-s76-n5785	její	jeho_^(přivlast.)	PS	PSFSXFS3-------	CS:  <POS> 	../tmp/testing_import_ali_annot/04.cs-with-ru.poss.import/wsj_1915.final.streex##76.a_tree-en_src-s76-n2097	its	its	PR	PRP$	EN:  <POS>	../tmp/testing_import_ali_annot/04.cs-with-ru.poss.import/wsj_1915.final.streex##76.a_tree-ru_src-s76-n2052	его	он	P-	P-3msa	RU:  <POS> 
../tmp/testing_import_ali_annot/04.cs-with-ru.poss.import/wsj_1915.final.streex##76.a_tree-cs_src-s76-n5792	své	svůj-1_^(přivlast.)	P8	P8NS4---------1	CS:  <RFL> 	../tmp/testing_import_ali_annot/04.cs-with-ru.poss.import/wsj_1915.final.streex##76.a_tree-en_src-s76-n2104	its	its	PR	PRP$	EN:  <POS>	../tmp/testing_import_ali_annot/04.cs-with-ru.poss.import/wsj_1915.final.streex##76.a_tree-ru_src-s76-n2060	свою	свой	P-	P--fsa	RU:  <RFL> <OPT> 
../tmp/testing_import_ali_annot/04.cs-with-ru.poss.import/wsj_1915.final.streex##80.a_tree-cs_src-s80-n5874	svém	svůj-1_^(přivlast.)	P8	P8ZS6----------	CS:  <RFL> <OPT>?	../tmp/testing_import_ali_annot/04.cs-with-ru.poss.import/wsj_1915.final.streex##80.a_tree-en_src-s80-n2189	its	its	PR	PRP$	EN:  <POS>	undef	undef	undef	undef	undef	RU:  <NUL> 
../tmp/testing_import_ali_annot/04.cs-with-ru.poss.import/wsj_1915.final.streex##81.a_tree-cs_src-s81-n5925	jejích	jeho_^(přivlast.)	PS	PSXP2FS3-------	CS:  <POS>	../tmp/testing_import_ali_annot/04.cs-with-ru.poss.import/wsj_1915.final.streex##81.a_tree-en_src-s81-n2235	its	its	PR	PRP$	EN:  <POS>	../tmp/testing_import_ali_annot/04.cs-with-ru.poss.import/wsj_1915.final.streex##81.a_tree-ru_src-s81-n2181	ее	она	P-	P-3fsa	RU:  <POS> 
../tmp/testing_import_ali_annot/04.cs-with-ru.poss.import/wsj_1915.final.streex##83.a_tree-cs_src-s83-n5981	svých	svůj-1_^(přivlast.)	P8	P8XP6----------	CS:  <RFL> <OPT>  <LPM>	../tmp/testing_import_ali_annot/04.cs-with-ru.poss.import/wsj_1915.final.streex##83.a_tree-en_src-s83-n2283	its	its	PR	PRP$	EN:  <POS>	../tmp/testing_import_ali_annot/04.cs-with-ru.poss.import/wsj_1915.final.streex##83.a_tree-ru_src-s83-n2227	своих	свой	P-	P---pa	RU:  <RFL> <OPT>  <LPM>
../tmp/testing_import_ali_annot/04.cs-with-ru.poss.import/wsj_1915.final.streex##85.a_tree-cs_src-s85-n6039	svých	svůj-1_^(přivlast.)	P8	P8XP6----------	CS:  <RFL> <OPT> <LPM> but clear from the context 	../tmp/testing_import_ali_annot/04.cs-with-ru.poss.import/wsj_1915.final.streex##85.a_tree-en_src-s85-n2334	its	its	PR	PRP$	EN:  <POS>	../tmp/testing_import_ali_annot/04.cs-with-ru.poss.import/wsj_1915.final.streex##85.a_tree-ru_src-s85-n2280	его	он	P-	P-3msa	RU:  <POS> <OPT> <LPM> but clear from the context 
../tmp/testing_import_ali_annot/04.cs-with-ru.poss.import/wsj_1915.final.streex##87.a_tree-cs_src-s87-n6122	svých	svůj-1_^(přivlast.)	P8	P8XP6----------	CS:  <RFL>	../tmp/testing_import_ali_annot/04.cs-with-ru.poss.import/wsj_1915.final.streex##87.a_tree-en_src-s87-n2412	its	its	PR	PRP$	EN:  <POS>	../tmp/testing_import_ali_annot/04.cs-with-ru.poss.import/wsj_1915.final.streex##87.a_tree-ru_src-s87-n2353	своих	свой	P-	P---pl	RU:  <RFL> 
../tmp/testing_import_ali_annot/04.cs-with-ru.poss.import/wsj_1915.final.streex##90.a_tree-cs_src-s90-n6185	svého	svůj-1_^(přivlast.)	P8	P8ZS2----------	CS:  <RFL>	../tmp/testing_import_ali_annot/04.cs-with-ru.poss.import/wsj_1915.final.streex##90.a_tree-en_src-s90-n2454	this	this	DT	DT	EN: <PER><NOUN> 	../tmp/testing_import_ali_annot/04.cs-with-ru.poss.import/wsj_1915.final.streex##90.a_tree-ru_src-s90-n2403	этой	этот	P-	P--fsg	RU: <PER><NOUN>
../tmp/testing_import_ali_annot/04.cs-with-ru.poss.import/wsj_1915.final.streex##94.a_tree-cs_src-s94-n6468	její	jeho_^(přivlast.)	PS	PSFSXFS3-------	CS:  <POS>	../tmp/testing_import_ali_annot/04.cs-with-ru.poss.import/wsj_1915.final.streex##94.a_tree-en_src-s94-n2734	company	company	NN	NN	EN: <PER> 	undef	undef	undef	undef	undef	RU: <PER>
../tmp/testing_import_ali_annot/04.cs-with-ru.poss.import/wsj_1915.final.streex##102.a_tree-cs_src-s102-n6766	jejích	jeho_^(přivlast.)	PS	PSXP2FS3-------	CS:  <POS> 	../tmp/testing_import_ali_annot/04.cs-with-ru.poss.import/wsj_1915.final.streex##102.a_tree-en_src-s102-n3007	its	its	PR	PRP$	EN:  <POS>	../tmp/testing_import_ali_annot/04.cs-with-ru.poss.import/wsj_1915.final.streex##102.a_tree-ru_src-s102-n2925	его	он	P-	P-3msg	RU:  <POS> 
../tmp/testing_import_ali_annot/04.cs-with-ru.poss.import/wsj_1915.final.streex##113.a_tree-cs_src-s113-n7185	jejich	jeho_^(přivlast.)	PS	PSXXXXP3-------	CS: OK	../tmp/testing_import_ali_annot/04.cs-with-ru.poss.import/wsj_1915.final.streex##113.a_tree-en_src-s113-n3361	them	them	PR	PRP	EN: TYPE=en_perspron	../tmp/testing_import_ali_annot/04.cs-with-ru.poss.import/wsj_1915.final.streex##113.a_tree-ru_src-s113-n3280	им	они	P-	P-3-pd	RU: <PER><NOUN>
../tmp/testing_import_ali_annot/04.cs-with-ru.poss.import/wsj_1917.final.streex##2.a_tree-cs_src-s2-n262	svou	svůj-1_^(přivlast.)	P8	P8FS7---------1	CS:  <RFL> 	../tmp/testing_import_ali_annot/04.cs-with-ru.poss.import/wsj_1917.final.streex##2.a_tree-en_src-s2-n67	its	its	PR	PRP$	EN:  <POS>	../tmp/testing_import_ali_annot/04.cs-with-ru.poss.import/wsj_1917.final.streex##2.a_tree-ru_src-s2-n58	своей	свой	P-	P--fsg	RU:  <RFL> 
../tmp/testing_import_ali_annot/04.cs-with-ru.poss.import/wsj_1917.final.streex##2.a_tree-cs_src-s2-n239	svých	svůj-1_^(přivlast.)	P8	P8XP2----------	CS:  <RFL> 	../tmp/testing_import_ali_annot/04.cs-with-ru.poss.import/wsj_1917.final.streex##2.a_tree-en_src-s2-n49	its	its	PR	PRP$	EN:  <POS>	../tmp/testing_import_ali_annot/04.cs-with-ru.poss.import/wsj_1917.final.streex##2.a_tree-ru_src-s2-n39	его	он	P-	P-3msa	RU:  <POS> <MSP> (<RFL>?) 
../tmp/testing_import_ali_annot/04.cs-with-ru.poss.import/wsj_1917.final.streex##5.a_tree-cs_src-s5-n372	jeho	jeho_^(přivlast.)	PS	PSXXXZS3-------	CS:  <POS> 	../tmp/testing_import_ali_annot/04.cs-with-ru.poss.import/wsj_1917.final.streex##5.a_tree-en_src-s5-n176	his	his	PR	PRP$	EN:  <POS>	../tmp/testing_import_ali_annot/04.cs-with-ru.poss.import/wsj_1917.final.streex##5.a_tree-ru_src-s5-n158	его	он	P-	P-3msa	RU:  <POS> 
../tmp/testing_import_ali_annot/04.cs-with-ru.poss.import/wsj_1917.final.streex##6.a_tree-cs_src-s6-n389	jeho	jeho_^(přivlast.)	PS	PSXXXZS3-------	CS:  <POS> 	../tmp/testing_import_ali_annot/04.cs-with-ru.poss.import/wsj_1917.final.streex##6.a_tree-en_src-s6-n193	his	his	PR	PRP$	EN:  <POS>	../tmp/testing_import_ali_annot/04.cs-with-ru.poss.import/wsj_1917.final.streex##6.a_tree-ru_src-s6-n175	его	он	P-	P-3msa	RU:  <POS> 
../tmp/testing_import_ali_annot/04.cs-with-ru.poss.import/wsj_1918.final.streex##3.a_tree-cs_src-s3-n238	svou	svůj-1_^(přivlast.)	P8	P8FS4---------1	CS:  <RFL>	../tmp/testing_import_ali_annot/04.cs-with-ru.poss.import/wsj_1918.final.streex##3.a_tree-en_src-s3-n64	its	its	PR	PRP$	EN:  <POS>	../tmp/testing_import_ali_annot/04.cs-with-ru.poss.import/wsj_1918.final.streex##3.a_tree-ru_src-s3-n57	своё	свой	P-	P--nsa	RU:  <RFL> 
../tmp/testing_import_ali_annot/04.cs-with-ru.poss.import/wsj_1919.final.streex##1.a_tree-cs_src-s1-n277	svůj	svůj-1_^(přivlast.)	P8	P8IS4----------	CS:  <RFL> 	../tmp/testing_import_ali_annot/04.cs-with-ru.poss.import/wsj_1919.final.streex##1.a_tree-en_src-s1-n15	his	his	PR	PRP$	EN:  <POS>	../tmp/testing_import_ali_annot/04.cs-with-ru.poss.import/wsj_1919.final.streex##1.a_tree-ru_src-s1-n17	своё	свой	P-	P--nsa	RU:  <RFL> 
../tmp/testing_import_ali_annot/04.cs-with-ru.poss.import/wsj_1919.final.streex##1.a_tree-cs_src-s1-n272	její	jeho_^(přivlast.)	PS	PSZS1FS3-------	CS:  <POS> 	../tmp/testing_import_ali_annot/04.cs-with-ru.poss.import/wsj_1919.final.streex##1.a_tree-en_src-s1-n8	its	its	PR	PRP$	EN:  <POS>	../tmp/testing_import_ali_annot/04.cs-with-ru.poss.import/wsj_1919.final.streex##1.a_tree-ru_src-s1-n10	его	он	P-	P-3msa	RU:  <POS> 
../tmp/testing_import_ali_annot/04.cs-with-ru.poss.import/wsj_1919.final.streex##3.a_tree-cs_src-s3-n318	jeho	jeho_^(přivlast.)	PS	PSXXXZS3-------	CS:  <RFL> 	../tmp/testing_import_ali_annot/04.cs-with-ru.poss.import/wsj_1919.final.streex##3.a_tree-en_src-s3-n58	his	his	PR	PRP$	EN:  <POS>	undef	undef	undef	undef	undef	RU:  <RelVV> <NUL> 
../tmp/testing_import_ali_annot/04.cs-with-ru.poss.import/wsj_1919.final.streex##4.a_tree-cs_src-s4-n369	svoji	svůj-1_^(přivlast.)	P8	P8FS4----------	CS:  <RFL> 	../tmp/testing_import_ali_annot/04.cs-with-ru.poss.import/wsj_1919.final.streex##4.a_tree-en_src-s4-n120	their	their	PR	PRP$	EN:  <POS>	../tmp/testing_import_ali_annot/04.cs-with-ru.poss.import/wsj_1919.final.streex##4.a_tree-ru_src-s4-n116	их	они	P-	P-3-pg	RU:  <POS> 
../tmp/testing_import_ali_annot/04.cs-with-ru.poss.import/wsj_1919.final.streex##6.a_tree-cs_src-s6-n422	její	jeho_^(přivlast.)	PS	PSXP4FS3-------	CS:  <POS>	../tmp/testing_import_ali_annot/04.cs-with-ru.poss.import/wsj_1919.final.streex##6.a_tree-en_src-s6-n178	its	its	PR	PRP$	EN:  <POS>	undef	undef	undef	undef	undef	RU:  <NUL> 
../tmp/testing_import_ali_annot/04.cs-with-ru.poss.import/wsj_1920.final.streex##2.a_tree-cs_src-s2-n316	svými	svůj-1_^(přivlast.)	P8	P8XP7----------	CS:  <RFL> 	../tmp/testing_import_ali_annot/04.cs-with-ru.poss.import/wsj_1920.final.streex##2.a_tree-en_src-s2-n28	his	his	PR	PRP$	EN:  <POS>	../tmp/testing_import_ali_annot/04.cs-with-ru.poss.import/wsj_1920.final.streex##2.a_tree-ru_src-s2-n22	его	он	P-	P-3msa	RU:  <POS>
../tmp/testing_import_ali_annot/04.cs-with-ru.poss.import/wsj_1920.final.streex##4.a_tree-cs_src-s4-n363	jeho	jeho_^(přivlast.)	PS	PSXXXZS3-------	CS:  <POS> 	../tmp/testing_import_ali_annot/04.cs-with-ru.poss.import/wsj_1920.final.streex##4.a_tree-en_src-s4-n73	his	his	PR	PRP$	EN:  <POS>	../tmp/testing_import_ali_annot/04.cs-with-ru.poss.import/wsj_1920.final.streex##4.a_tree-ru_src-s4-n69	его	он	P-	P-3msa	RU:  <POS> <OPT>? 
../tmp/testing_import_ali_annot/04.cs-with-ru.poss.import/wsj_1920.final.streex##6.a_tree-cs_src-s6-n447	svoji	svůj-1_^(přivlast.)	P8	P8FS4----------	CS:  <RFL>	undef	undef	undef	undef	undef	EN: <NUL>phrase 	../tmp/testing_import_ali_annot/04.cs-with-ru.poss.import/wsj_1920.final.streex##6.a_tree-ru_src-s6-n162	своей	свой	P-	P--fsl	RU: <RFL>
../tmp/testing_import_ali_annot/04.cs-with-ru.poss.import/wsj_1920.final.streex##7.a_tree-cs_src-s7-n482	jeho	jeho_^(přivlast.)	PS	PSXXXZS3-------	CS:  <POS> 	../tmp/testing_import_ali_annot/04.cs-with-ru.poss.import/wsj_1920.final.streex##7.a_tree-en_src-s7-n202	his	his	PR	PRP$	EN:  <POS>	../tmp/testing_import_ali_annot/04.cs-with-ru.poss.import/wsj_1920.final.streex##7.a_tree-ru_src-s7-n199	его	он	P-	P-3msa	RU:  <POS> 
../tmp/testing_import_ali_annot/04.cs-with-ru.poss.import/wsj_1920.final.streex##8.a_tree-cs_src-s8-n517	svou	svůj-1_^(přivlast.)	P8	P8FS4---------1	CS:  <RFL> <OPT> <TRI> 	../tmp/testing_import_ali_annot/04.cs-with-ru.poss.import/wsj_1920.final.streex##8.a_tree-en_src-s8-n249	its	its	PR	PRP$	EN:  <POS>	../tmp/testing_import_ali_annot/04.cs-with-ru.poss.import/wsj_1920.final.streex##8.a_tree-ru_src-s8-n245	свою	свой	P-	P--fsa	RU:  <RFL> <OPT> <TRI> 
../tmp/testing_import_ali_annot/04.cs-with-ru.poss.import/wsj_1921.final.streex##1.a_tree-cs_src-s1-n159	jeho	jeho_^(přivlast.)	PS	PSXXXZS3-------	CS:  <POS> 	../tmp/testing_import_ali_annot/04.cs-with-ru.poss.import/wsj_1921.final.streex##1.a_tree-en_src-s1-n32	its	its	PR	PRP$	EN:  <POS>	../tmp/testing_import_ali_annot/04.cs-with-ru.poss.import/wsj_1921.final.streex##1.a_tree-ru_src-s1-n34	его	он	P-	P-3msg	RU:  <POS> 
../tmp/testing_import_ali_annot/04.cs-with-ru.poss.import/wsj_1922.final.streex##5.a_tree-cs_src-s5-n698	jeho	jeho_^(přivlast.)	PS	PSXXXZS3-------	CS:  <POS>	../tmp/testing_import_ali_annot/04.cs-with-ru.poss.import/wsj_1922.final.streex##5.a_tree-en_src-s5-n142	its	its	PR	PRP$	EN:  <POS>	undef	undef	undef	undef	undef	RU:  <NUL> 
../tmp/testing_import_ali_annot/04.cs-with-ru.poss.import/wsj_1923.final.streex##2.a_tree-cs_src-s2-n296	své	svůj-1_^(přivlast.)	P8	P8FS2---------1	CS:  <RFL> 	../tmp/testing_import_ali_annot/04.cs-with-ru.poss.import/wsj_1923.final.streex##2.a_tree-en_src-s2-n23	its	its	PR	PRP$	EN:  <POS>	../tmp/testing_import_ali_annot/04.cs-with-ru.poss.import/wsj_1923.final.streex##2.a_tree-ru_src-s2-n20	своего	свой	P-	P--msg	RU:  <RFL> 
../tmp/testing_import_ali_annot/04.cs-with-ru.poss.import/wsj_1923.final.streex##12.a_tree-cs_src-s12-n496	svojí	svůj-1_^(přivlast.)	P8	P8FS4---------6	CS:  <RFL> 	../tmp/testing_import_ali_annot/04.cs-with-ru.poss.import/wsj_1923.final.streex##12.a_tree-en_src-s12-n230	its	its	PR	PRP$	EN:  <POS>	../tmp/testing_import_ali_annot/04.cs-with-ru.poss.import/wsj_1923.final.streex##12.a_tree-ru_src-s12-n219	её	она	P-	P-3fsa	RU:  <POS> 
../tmp/testing_import_ali_annot/04.cs-with-ru.poss.import/wsj_1924.final.streex##11.a_tree-cs_src-s11-n1058	jeho	jeho_^(přivlast.)	PS	PSXXXZS3-------	CS:  <POS> 	../tmp/testing_import_ali_annot/04.cs-with-ru.poss.import/wsj_1924.final.streex##11.a_tree-en_src-s11-n245	his	his	PR	PRP$	EN:  <POS>	../tmp/testing_import_ali_annot/04.cs-with-ru.poss.import/wsj_1924.final.streex##11.a_tree-ru_src-s11-n235	его	он	P-	P-3msa	RU:  <POS> 
../tmp/testing_import_ali_annot/04.cs-with-ru.poss.import/wsj_1924.final.streex##16.a_tree-cs_src-s16-n1156	jejím	jeho_^(přivlast.)	PS	PSZS7FS3-------	CS:  <POS> 	../tmp/testing_import_ali_annot/04.cs-with-ru.poss.import/wsj_1924.final.streex##16.a_tree-en_src-s16-n341	its	its	PR	PRP$	EN:  <POS>	../tmp/testing_import_ali_annot/04.cs-with-ru.poss.import/wsj_1924.final.streex##16.a_tree-ru_src-s16-n327	ее	ее	P-	P--nsa	RU:  <NOUN> 
../tmp/testing_import_ali_annot/04.cs-with-ru.poss.import/wsj_1924.final.streex##17.a_tree-cs_src-s17-n1183	jeho	jeho_^(přivlast.)	PS	PSXXXZS3-------	CS:  <POS> 	../tmp/testing_import_ali_annot/04.cs-with-ru.poss.import/wsj_1924.final.streex##17.a_tree-en_src-s17-n364	its	its	PR	PRP$	EN:  <POS>	../tmp/testing_import_ali_annot/04.cs-with-ru.poss.import/wsj_1924.final.streex##17.a_tree-ru_src-s17-n349	его	он	P-	P-3msa	RU:  <POS> 
../tmp/testing_import_ali_annot/04.cs-with-ru.poss.import/wsj_1924.final.streex##31.a_tree-cs_src-s31-n1492	jejích	jeho_^(přivlast.)	PS	PSXP2FS3-------	CS:  <POS>	../tmp/testing_import_ali_annot/04.cs-with-ru.poss.import/wsj_1924.final.streex##31.a_tree-en_src-s31-n697	its	its	PR	PRP$	EN:  <POS>	../tmp/testing_import_ali_annot/04.cs-with-ru.poss.import/wsj_1924.final.streex##31.a_tree-ru_src-s31-n643	её	она	P-	P-3fsa	RU:  <POS> 
../tmp/testing_import_ali_annot/04.cs-with-ru.poss.import/wsj_1926.final.streex##7.a_tree-cs_src-s7-n559	své	svůj-1_^(přivlast.)	P8	P8YP4---------1	CS:  <RFL> <OPT>? 	../tmp/testing_import_ali_annot/04.cs-with-ru.poss.import/wsj_1926.final.streex##7.a_tree-en_src-s7-n157	its	its	PR	PRP$	EN:  <POS>	../tmp/testing_import_ali_annot/04.cs-with-ru.poss.import/wsj_1926.final.streex##7.a_tree-ru_src-s7-n177	своим	свой	P-	P--msi	RU:  <RFL> <OPT> 
../tmp/testing_import_ali_annot/04.cs-with-ru.poss.import/wsj_1927.final.streex##3.a_tree-cs_src-s3-n1141	svůj	svůj-1_^(přivlast.)	P8	P8IS4----------	CS:  <RFL> 	../tmp/testing_import_ali_annot/04.cs-with-ru.poss.import/wsj_1927.final.streex##3.a_tree-en_src-s3-n92	its	its	PR	PRP$	EN:  <POS>	../tmp/testing_import_ali_annot/04.cs-with-ru.poss.import/wsj_1927.final.streex##3.a_tree-ru_src-s3-n101	свой	свой	P-	P--msa	RU:  <RFL> 
../tmp/testing_import_ali_annot/04.cs-with-ru.poss.import/wsj_1927.final.streex##8.a_tree-cs_src-s8-n1256	jejich	jeho_^(přivlast.)	PS	PSXXXXP3-------	CS:  <POS>	../tmp/testing_import_ali_annot/04.cs-with-ru.poss.import/wsj_1927.final.streex##8.a_tree-en_src-s8-n199	the	the	DT	DT	EN: <THE> 	undef	undef	undef	undef	undef	RU: <NUL>
../tmp/testing_import_ali_annot/04.cs-with-ru.poss.import/wsj_1927.final.streex##8.a_tree-cs_src-s8-n1284	jeho	jeho_^(přivlast.)	PS	PSXXXZS3-------	CS:  <POS>	undef	undef	undef	undef	undef	EN: <PER> 	undef	undef	undef	undef	undef	RU: <PER>
../tmp/testing_import_ali_annot/04.cs-with-ru.poss.import/wsj_1927.final.streex##10.a_tree-cs_src-s10-n1319	jeho	jeho_^(přivlast.)	PS	PSXXXZS3-------	CS:  <POS>	../tmp/testing_import_ali_annot/04.cs-with-ru.poss.import/wsj_1927.final.streex##10.a_tree-en_src-s10-n265	his	his	PR	PRP$	EN:  <POS>	../tmp/testing_import_ali_annot/04.cs-with-ru.poss.import/wsj_1927.final.streex##10.a_tree-ru_src-s10-n267	его	он	P-	P-3msa	RU:  <POS> 
../tmp/testing_import_ali_annot/04.cs-with-ru.poss.import/wsj_1927.final.streex##13.a_tree-cs_src-s13-n1371	svým	svůj-1_^(přivlast.)	P8	P8ZS7----------	CS:  <RFL> <OPT>	../tmp/testing_import_ali_annot/04.cs-with-ru.poss.import/wsj_1927.final.streex##13.a_tree-en_src-s13-n318	his	his	PR	PRP$	EN:  <POS>	../tmp/testing_import_ali_annot/04.cs-with-ru.poss.import/wsj_1927.final.streex##13.a_tree-ru_src-s13-n316	своего	свой	P-	P--msg	RU:  <RFL> <OPT> 
../tmp/testing_import_ali_annot/04.cs-with-ru.poss.import/wsj_1927.final.streex##14.a_tree-cs_src-s14-n1413	jeho	jeho_^(přivlast.)	PS	PSXXXZS3-------	CS:  <POS> 	../tmp/testing_import_ali_annot/04.cs-with-ru.poss.import/wsj_1927.final.streex##14.a_tree-en_src-s14-n363	his	his	PR	PRP$	EN:  <POS>	../tmp/testing_import_ali_annot/04.cs-with-ru.poss.import/wsj_1927.final.streex##14.a_tree-ru_src-s14-n355	его	он	P-	P-3msa	RU:  <POS> 
../tmp/testing_import_ali_annot/04.cs-with-ru.poss.import/wsj_1927.final.streex##18.a_tree-cs_src-s18-n1530	své	svůj-1_^(přivlast.)	P8	P8YP4---------1	CS:  <RFL> <OPT>?	../tmp/testing_import_ali_annot/04.cs-with-ru.poss.import/wsj_1927.final.streex##18.a_tree-en_src-s18-n475	his	his	PR	PRP$	EN:  <POS>	../tmp/testing_import_ali_annot/04.cs-with-ru.poss.import/wsj_1927.final.streex##18.a_tree-ru_src-s18-n453	свои	свой	P-	P---pa	RU:  <RFL> <OPT> 
../tmp/testing_import_ali_annot/04.cs-with-ru.poss.import/wsj_1927.final.streex##26.a_tree-cs_src-s26-n1707	své	svůj-1_^(přivlast.)	P8	P8YP4---------1	CS:  <RFL> 	../tmp/testing_import_ali_annot/04.cs-with-ru.poss.import/wsj_1927.final.streex##26.a_tree-en_src-s26-n667	its	its	PR	PRP$	EN:  <POS>	../tmp/testing_import_ali_annot/04.cs-with-ru.poss.import/wsj_1927.final.streex##26.a_tree-ru_src-s26-n627	свой	свой	P-	P--msa	RU:  <RFL> 
../tmp/testing_import_ali_annot/04.cs-with-ru.poss.import/wsj_1927.final.streex##28.a_tree-cs_src-s28-n1752	své	svůj-1_^(přivlast.)	P8	P8FP4---------1	CS:  <RFL> 	../tmp/testing_import_ali_annot/04.cs-with-ru.poss.import/wsj_1927.final.streex##28.a_tree-en_src-s28-n717	his	his	PR	PRP$	EN:  <POS>	../tmp/testing_import_ali_annot/04.cs-with-ru.poss.import/wsj_1927.final.streex##28.a_tree-ru_src-s28-n675	своих	свой	P-	P---pg	RU:  <RFL> 
../tmp/testing_import_ali_annot/04.cs-with-ru.poss.import/wsj_1927.final.streex##33.a_tree-cs_src-s33-n1841	Jeho	jeho_^(přivlast.)	PS	PSXXXZS3-------	CS:  <POS> 	../tmp/testing_import_ali_annot/04.cs-with-ru.poss.import/wsj_1927.final.streex##33.a_tree-en_src-s33-n818	His	his	PR	PRP$	EN:  <POS>	../tmp/testing_import_ali_annot/04.cs-with-ru.poss.import/wsj_1927.final.streex##33.a_tree-ru_src-s33-n770	Его	он	P-	P-3msa	RU:  <POS> 
../tmp/testing_import_ali_annot/04.cs-with-ru.poss.import/wsj_1927.final.streex##33.a_tree-cs_src-s33-n1845	jeho	jeho_^(přivlast.)	PS	PSXXXZS3-------	CS:  <POS> <OPT>	../tmp/testing_import_ali_annot/04.cs-with-ru.poss.import/wsj_1927.final.streex##33.a_tree-en_src-s33-n822	his	his	PR	PRP$	EN:  <POS>	undef	undef	undef	undef	undef	RU:  <NUL> 
../tmp/testing_import_ali_annot/04.cs-with-ru.poss.import/wsj_1928.final.streex##18.a_tree-cs_src-s18-n1639	svého	svůj-1_^(přivlast.)	P8	P8ZS2----------	CS:  <RFL> 	../tmp/testing_import_ali_annot/04.cs-with-ru.poss.import/wsj_1928.final.streex##18.a_tree-en_src-s18-n449	its	its	PR	PRP$	EN:  <POS>	../tmp/testing_import_ali_annot/04.cs-with-ru.poss.import/wsj_1928.final.streex##18.a_tree-ru_src-s18-n408	своего	свой	P-	P--nsg	RU:  <RFL> 
../tmp/testing_import_ali_annot/04.cs-with-ru.poss.import/wsj_1928.final.streex##19.a_tree-cs_src-s19-n1676	jejich	jeho_^(přivlast.)	PS	PSXXXXP3-------	CS:  <POS>	../tmp/testing_import_ali_annot/04.cs-with-ru.poss.import/wsj_1928.final.streex##19.a_tree-en_src-s19-n479	the	the	DT	DT	EN: <THE>	../tmp/testing_import_ali_annot/04.cs-with-ru.poss.import/wsj_1928.final.streex##19.a_tree-ru_src-s19-n447	Дорранса	Дорранса	Nc	Ncmsgn	RU: <NOUN>
../tmp/testing_import_ali_annot/04.cs-with-ru.poss.import/wsj_1928.final.streex##20.a_tree-cs_src-s20-n1728	jejich	jeho_^(přivlast.)	PS	PSXXXXP3-------	CS:  <POS> 	../tmp/testing_import_ali_annot/04.cs-with-ru.poss.import/wsj_1928.final.streex##20.a_tree-en_src-s20-n540	their	their	PR	PRP$	EN:  <POS>	../tmp/testing_import_ali_annot/04.cs-with-ru.poss.import/wsj_1928.final.streex##20.a_tree-ru_src-s20-n493	их	они	P-	P-3-pa	RU:  <POS> 
../tmp/testing_import_ali_annot/04.cs-with-ru.poss.import/wsj_1928.final.streex##43.a_tree-cs_src-s43-n2310	její	jeho_^(přivlast.)	PS	PSFSXFS3-------	CS:  <POS> 	../tmp/testing_import_ali_annot/04.cs-with-ru.poss.import/wsj_1928.final.streex##43.a_tree-en_src-s43-n1188	its	its	PR	PRP$	EN:  <POS>	../tmp/testing_import_ali_annot/04.cs-with-ru.poss.import/wsj_1928.final.streex##43.a_tree-ru_src-s43-n1067	его	он	P-	P-3msa	RU:  <POS> 
../tmp/testing_import_ali_annot/04.cs-with-ru.poss.import/wsj_1929.final.streex##1.a_tree-cs_src-s1-n1142	jeho	jeho_^(přivlast.)	PS	PSXXXZS3-------	CS:  <POS>	undef	undef	undef	undef	undef	EN: <NUL>	undef	undef	undef	undef	undef	RU: <NUL>
../tmp/testing_import_ali_annot/04.cs-with-ru.poss.import/wsj_1929.final.streex##2.a_tree-cs_src-s2-n1170	jeho	jeho_^(přivlast.)	PS	PSXXXZS3-------	CS:  <POS> 	../tmp/testing_import_ali_annot/04.cs-with-ru.poss.import/wsj_1929.final.streex##2.a_tree-en_src-s2-n54	his	his	PR	PRP$	EN:  <POS>	../tmp/testing_import_ali_annot/04.cs-with-ru.poss.import/wsj_1929.final.streex##2.a_tree-ru_src-s2-n51	своей	свой	P-	P--fsg	RU:  <RFL> 
../tmp/testing_import_ali_annot/04.cs-with-ru.poss.import/wsj_1929.final.streex##5.a_tree-cs_src-s5-n1236	svého	svůj-1_^(přivlast.)	P8	P8ZS2----------	CS:  <RFL> 	../tmp/testing_import_ali_annot/04.cs-with-ru.poss.import/wsj_1929.final.streex##5.a_tree-en_src-s5-n136	his	his	PR	PRP$	EN:  <POS>	../tmp/testing_import_ali_annot/04.cs-with-ru.poss.import/wsj_1929.final.streex##5.a_tree-ru_src-s5-n122	своего	свой	P-	P--nsg	RU:  <RFL> 
../tmp/testing_import_ali_annot/04.cs-with-ru.poss.import/wsj_1929.final.streex##10.a_tree-cs_src-s10-n1370	jeho	jeho_^(přivlast.)	PS	PSXXXZS3-------	CS:  <POS> 	../tmp/testing_import_ali_annot/04.cs-with-ru.poss.import/wsj_1929.final.streex##10.a_tree-en_src-s10-n295	its	its	PR	PRP$	EN:  <POS>	../tmp/testing_import_ali_annot/04.cs-with-ru.poss.import/wsj_1929.final.streex##10.a_tree-ru_src-s10-n255	его	он	P-	P-3msa	RU:  <POS> 
../tmp/testing_import_ali_annot/04.cs-with-ru.poss.import/wsj_1929.final.streex##10.a_tree-cs_src-s10-n1374	jeho	jeho_^(přivlast.)	PS	PSXXXZS3-------	CS:  <POS> <OPT> 	../tmp/testing_import_ali_annot/04.cs-with-ru.poss.import/wsj_1929.final.streex##10.a_tree-en_src-s10-n298	its	its	PR	PRP$	EN:  <POS>	../tmp/testing_import_ali_annot/04.cs-with-ru.poss.import/wsj_1929.final.streex##10.a_tree-ru_src-s10-n259	его	он	P-	P-3msa	RU:  <POS> <OPT> 
../tmp/testing_import_ali_annot/04.cs-with-ru.poss.import/wsj_1929.final.streex##12.a_tree-cs_src-s12-n1419	své	svůj-1_^(přivlast.)	P8	P8FS2---------1	CS:  <RFL> 	../tmp/testing_import_ali_annot/04.cs-with-ru.poss.import/wsj_1929.final.streex##12.a_tree-en_src-s12-n349	his	his	PR	PRP$	EN:  <POS>	../tmp/testing_import_ali_annot/04.cs-with-ru.poss.import/wsj_1929.final.streex##12.a_tree-ru_src-s12-n298	свою	свой	P-	P--fsa	RU:  <RFL> 
../tmp/testing_import_ali_annot/04.cs-with-ru.poss.import/wsj_1929.final.streex##14.a_tree-cs_src-s14-n1462	svými	svůj-1_^(přivlast.)	P8	P8XP7----------	CS:  <RFL> 	../tmp/testing_import_ali_annot/04.cs-with-ru.poss.import/wsj_1929.final.streex##14.a_tree-en_src-s14-n405	their	their	PR	PRP$	EN:  <POS>	../tmp/testing_import_ali_annot/04.cs-with-ru.poss.import/wsj_1929.final.streex##14.a_tree-ru_src-s14-n349	своих	свой	P-	P---pg	RU:  <RFL> 
../tmp/testing_import_ali_annot/04.cs-with-ru.poss.import/wsj_1929.final.streex##15.a_tree-cs_src-s15-n1475	svou	svůj-1_^(přivlast.)	P8	P8FS7---------1	CS:  <RFL> 	../tmp/testing_import_ali_annot/04.cs-with-ru.poss.import/wsj_1929.final.streex##15.a_tree-en_src-s15-n415	its	its	PR	PRP$	EN:  <POS>	../tmp/testing_import_ali_annot/04.cs-with-ru.poss.import/wsj_1929.final.streex##15.a_tree-ru_src-s15-n358	своей	свой	P-	P--fsg	RU:  <RFL> 
../tmp/testing_import_ali_annot/04.cs-with-ru.poss.import/wsj_1929.final.streex##18.a_tree-cs_src-s18-n1548	svoji	svůj-1_^(přivlast.)	P8	P8FS4----------	CS:  <RFL> mozn<EXT> (may be changed to si)	../tmp/testing_import_ali_annot/04.cs-with-ru.poss.import/wsj_1929.final.streex##18.a_tree-en_src-s18-n499	his	his	PR	PRP$	EN:  <POS>	../tmp/testing_import_ali_annot/04.cs-with-ru.poss.import/wsj_1929.final.streex##18.a_tree-ru_src-s18-n437	свою	свой	P-	P--fsa	RU:  <RFL> mozn<EXT> (may be changed to себе)
../tmp/testing_import_ali_annot/04.cs-with-ru.poss.import/wsj_1929.final.streex##21.a_tree-cs_src-s21-n1644	svoji	svůj-1_^(přivlast.)	P8	P8FS4----------	CS:  <RFL> 	../tmp/testing_import_ali_annot/04.cs-with-ru.poss.import/wsj_1929.final.streex##21.a_tree-en_src-s21-n592	its	its	PR	PRP$	EN:  <POS>	../tmp/testing_import_ali_annot/04.cs-with-ru.poss.import/wsj_1929.final.streex##21.a_tree-ru_src-s21-n532	своё	свой	P-	P--nsa	RU:  <RFL> 
../tmp/testing_import_ali_annot/04.cs-with-ru.poss.import/wsj_1929.final.streex##22.a_tree-cs_src-s22-n1668	své	svůj-1_^(přivlast.)	P8	P8FS6---------1	CS:  <RFL> <SI> 	../tmp/testing_import_ali_annot/04.cs-with-ru.poss.import/wsj_1929.final.streex##22.a_tree-en_src-s22-n623	their	their	PR	PRP$	EN:  <POS>	../tmp/testing_import_ali_annot/04.cs-with-ru.poss.import/wsj_1929.final.streex##22.a_tree-ru_src-s22-n562	своей	свой	P-	P--fsl	RU:  <RFL> 
../tmp/testing_import_ali_annot/04.cs-with-ru.poss.import/wsj_1929.final.streex##30.a_tree-cs_src-s30-n1826	svůj	svůj-1_^(přivlast.)	P8	P8IS4----------	CS:  <RFL> 	../tmp/testing_import_ali_annot/04.cs-with-ru.poss.import/wsj_1929.final.streex##30.a_tree-en_src-s30-n806	its	its	PR	PRP$	EN:  <POS>	../tmp/testing_import_ali_annot/04.cs-with-ru.poss.import/wsj_1929.final.streex##30.a_tree-ru_src-s30-n710	её	она	P-	P-3fsa	RU:  <POS> <MSP> (<RFL>?) 
../tmp/testing_import_ali_annot/04.cs-with-ru.poss.import/wsj_1929.final.streex##38.a_tree-cs_src-s38-n1964	jeho	jeho_^(přivlast.)	PS	PSXXXZS3-------	CS:  <POS> <VAL> 	../tmp/testing_import_ali_annot/04.cs-with-ru.poss.import/wsj_1929.final.streex##38.a_tree-en_src-s38-n966	its	its	PR	PRP$	EN:  <POS>	../tmp/testing_import_ali_annot/04.cs-with-ru.poss.import/wsj_1929.final.streex##38.a_tree-ru_src-s38-n859	ее	ее	P-	P--nsa	RU:  <POS> <VAL> 
../tmp/testing_import_ali_annot/04.cs-with-ru.poss.import/wsj_1929.final.streex##42.a_tree-cs_src-s42-n2081	jeho	jeho_^(přivlast.)	PS	PSXXXZS3-------	CS:  <POS> 	../tmp/testing_import_ali_annot/04.cs-with-ru.poss.import/wsj_1929.final.streex##42.a_tree-en_src-s42-n1099	its	its	PR	PRP$	EN:  <POS>	../tmp/testing_import_ali_annot/04.cs-with-ru.poss.import/wsj_1929.final.streex##42.a_tree-ru_src-s42-n988	её	она	P-	P-3fsa	RU:  <POS> 
../tmp/testing_import_ali_annot/04.cs-with-ru.poss.import/wsj_1930.final.streex##11.a_tree-cs_src-s11-n763	své	svůj-1_^(přivlast.)	P8	P8FP4---------1	CS:  <RFL> <PER> 	../tmp/testing_import_ali_annot/04.cs-with-ru.poss.import/wsj_1930.final.streex##11.a_tree-en_src-s11-n189	its	its	PR	PRP$	EN:  <POS>	../tmp/testing_import_ali_annot/04.cs-with-ru.poss.import/wsj_1930.final.streex##11.a_tree-ru_src-s11-n193	своих	свой	P-	P---pg	RU:  <RFL> 
../tmp/testing_import_ali_annot/04.cs-with-ru.poss.import/wsj_1930.final.streex##21.a_tree-cs_src-s21-n939	svého	svůj-1_^(přivlast.)	P8	P8ZS2----------	CS:  <RFL> 	../tmp/testing_import_ali_annot/04.cs-with-ru.poss.import/wsj_1930.final.streex##21.a_tree-en_src-s21-n353	its	its	PR	PRP$	EN:  <POS>	../tmp/testing_import_ali_annot/04.cs-with-ru.poss.import/wsj_1930.final.streex##21.a_tree-ru_src-s21-n351	своего	свой	P-	P--msg	RU:  <RFL> 
../tmp/testing_import_ali_annot/04.cs-with-ru.poss.import/wsj_1930.final.streex##21.a_tree-cs_src-s21-n946	svých	svůj-1_^(přivlast.)	P8	P8XP2----------	CS:  <RFL> <OPT> 	../tmp/testing_import_ali_annot/04.cs-with-ru.poss.import/wsj_1930.final.streex##21.a_tree-en_src-s21-n362	its	its	PR	PRP$	EN:  <POS>	../tmp/testing_import_ali_annot/04.cs-with-ru.poss.import/wsj_1930.final.streex##21.a_tree-ru_src-s21-n361	своих	свой	P-	P---pg	RU:  <RFL> <OPT> 
../tmp/testing_import_ali_annot/04.cs-with-ru.poss.import/wsj_1930.final.streex##24.a_tree-cs_src-s24-n993	své	svůj-1_^(přivlast.)	P8	P8FS2---------1	CS:  <RFL> <LPM> 	../tmp/testing_import_ali_annot/04.cs-with-ru.poss.import/wsj_1930.final.streex##24.a_tree-en_src-s24-n404	its	its	PR	PRP$	EN:  <POS>	../tmp/testing_import_ali_annot/04.cs-with-ru.poss.import/wsj_1930.final.streex##24.a_tree-ru_src-s24-n404	своего	свой	P-	P--msg	RU:  <RFL> <OPT>? <LPM> 
../tmp/testing_import_ali_annot/04.cs-with-ru.poss.import/wsj_1930.final.streex##27.a_tree-cs_src-s27-n1055	svého	svůj-1_^(přivlast.)	P8	P8ZS2----------	CS:  <RFL> <OPT>? <LPM> 	../tmp/testing_import_ali_annot/04.cs-with-ru.poss.import/wsj_1930.final.streex##27.a_tree-en_src-s27-n459	its	its	PR	PRP$	EN:  <POS>	../tmp/testing_import_ali_annot/04.cs-with-ru.poss.import/wsj_1930.final.streex##27.a_tree-ru_src-s27-n458	своей	свой	P-	P--fsg	RU:  <RFL> <OPT> 
../tmp/testing_import_ali_annot/04.cs-with-ru.poss.import/wsj_1930.final.streex##28.a_tree-cs_src-s28-n1072	svoji	svůj-1_^(přivlast.)	P8	P8FS4----------	CS:  <RFL>	../tmp/testing_import_ali_annot/04.cs-with-ru.poss.import/wsj_1930.final.streex##28.a_tree-en_src-s28-n481	the	the	DT	DT	EN: <THE>	undef	undef	undef	undef	undef	RU: <NUL>
../tmp/testing_import_ali_annot/04.cs-with-ru.poss.import/wsj_1930.final.streex##29.a_tree-cs_src-s29-n1083	svoji	svůj-1_^(přivlast.)	P8	P8FS4----------	CS:  <RFL> 	../tmp/testing_import_ali_annot/04.cs-with-ru.poss.import/wsj_1930.final.streex##29.a_tree-en_src-s29-n488	its	its	PR	PRP$	EN:  <POS>	../tmp/testing_import_ali_annot/04.cs-with-ru.poss.import/wsj_1930.final.streex##29.a_tree-ru_src-s29-n485	свой	свой	P-	P--msa	RU:  <RFL> <OPT>? <LPM> 
../tmp/testing_import_ali_annot/04.cs-with-ru.poss.import/wsj_1931.final.streex##4.a_tree-cs_src-s4-n805	jejich	jeho_^(přivlast.)	PS	PSXXXXP3-------	CS: OK	../tmp/testing_import_ali_annot/04.cs-with-ru.poss.import/wsj_1931.final.streex##4.a_tree-en_src-s4-n94	they	they	PR	PRP	EN: TYPE=en_perspron	../tmp/testing_import_ali_annot/04.cs-with-ru.poss.import/wsj_1931.final.streex##4.a_tree-ru_src-s4-n90	они	они	P-	P-3-pn	RU: <PER><NOUN>
../tmp/testing_import_ali_annot/04.cs-with-ru.poss.import/wsj_1931.final.streex##7.a_tree-cs_src-s7-n929	její	jeho_^(přivlast.)	PS	PSFSXFS3-------	CS:  <POS> 	../tmp/testing_import_ali_annot/04.cs-with-ru.poss.import/wsj_1931.final.streex##7.a_tree-en_src-s7-n239	its	its	PR	PRP$	EN:  <POS>	../tmp/testing_import_ali_annot/04.cs-with-ru.poss.import/wsj_1931.final.streex##7.a_tree-ru_src-s7-n212	ее	ее	P-	P--nsa	RU:  <POS> 
../tmp/testing_import_ali_annot/04.cs-with-ru.poss.import/wsj_1932.final.streex##9.a_tree-cs_src-s9-n1522	jejich	jeho_^(přivlast.)	PS	PSXXXXP3-------	CS:  <POS> 	../tmp/testing_import_ali_annot/04.cs-with-ru.poss.import/wsj_1932.final.streex##9.a_tree-en_src-s9-n261	their	their	PR	PRP$	EN:  <POS>	../tmp/testing_import_ali_annot/04.cs-with-ru.poss.import/wsj_1932.final.streex##9.a_tree-ru_src-s9-n253	их	они	P-	P-3-pa	RU:  <POS> 
../tmp/testing_import_ali_annot/04.cs-with-ru.poss.import/wsj_1932.final.streex##26.a_tree-cs_src-s26-n1852	jeho	jeho_^(přivlast.)	PS	PSXXXZS3-------	CS: OK	../tmp/testing_import_ali_annot/04.cs-with-ru.poss.import/wsj_1932.final.streex##26.a_tree-en_src-s26-n587	it	it	PR	PRP	EN: TYPE=en_perspron	../tmp/testing_import_ali_annot/04.cs-with-ru.poss.import/wsj_1932.final.streex##26.a_tree-ru_src-s26-n591	он	он	P-	P-3msn	RU: <PER><NOUN><VAL> 
../tmp/testing_import_ali_annot/04.cs-with-ru.poss.import/wsj_1932.final.streex##35.a_tree-cs_src-s35-n2075	svůj	svůj-1_^(přivlast.)	P8	P8IS4----------	CS:  <RFL> 	../tmp/testing_import_ali_annot/04.cs-with-ru.poss.import/wsj_1932.final.streex##35.a_tree-en_src-s35-n850	their	their	PR	PRP$	EN:  <POS>	undef	undef	undef	undef	undef	RU:  <PER> 
../tmp/testing_import_ali_annot/04.cs-with-ru.poss.import/wsj_1932.final.streex##42.a_tree-cs_src-s42-n2206	své	svůj-1_^(přivlast.)	P8	P8FP4---------1	CS:  <RFL>	undef	undef	undef	undef	undef	EN: <NUL>	undef	undef	undef	undef	undef	RU: <NUL>
../tmp/testing_import_ali_annot/04.cs-with-ru.poss.import/wsj_1934.final.streex##2.a_tree-cs_src-s2-n568	jeho	jeho_^(přivlast.)	PS	PSXXXZS3-------	CS:  <POS> 	../tmp/testing_import_ali_annot/04.cs-with-ru.poss.import/wsj_1934.final.streex##2.a_tree-en_src-s2-n54	its	its	PR	PRP$	EN:  <POS>	../tmp/testing_import_ali_annot/04.cs-with-ru.poss.import/wsj_1934.final.streex##2.a_tree-ru_src-s2-n44	его	он	P-	P-3msa	RU:  <POS> 
../tmp/testing_import_ali_annot/04.cs-with-ru.poss.import/wsj_1934.final.streex##19.a_tree-cs_src-s19-n951	své	svůj-1_^(přivlast.)	P8	P8YP4---------1	CS:  <RFL>	../tmp/testing_import_ali_annot/04.cs-with-ru.poss.import/wsj_1934.final.streex##19.a_tree-en_src-s19-n492	our	our	PR	PRP$	EN: <POS>	../tmp/testing_import_ali_annot/04.cs-with-ru.poss.import/wsj_1934.final.streex##19.a_tree-ru_src-s19-n440	нашим	наш	P-	P---pd	RU: <POS>
../tmp/testing_import_ali_annot/04.cs-with-ru.poss.import/wsj_1935.final.streex##8.a_tree-cs_src-s8-n1239	svoji	svůj-1_^(přivlast.)	P8	P8FS4----------	CS:  <RFL> 	../tmp/testing_import_ali_annot/04.cs-with-ru.poss.import/wsj_1935.final.streex##8.a_tree-en_src-s8-n184	her	her	PR	PRP$	EN:  <POS>	../tmp/testing_import_ali_annot/04.cs-with-ru.poss.import/wsj_1935.final.streex##8.a_tree-ru_src-s8-n172	своей	свой	P-	P--fsg	RU:  <RFL> 
../tmp/testing_import_ali_annot/04.cs-with-ru.poss.import/wsj_1935.final.streex##14.a_tree-cs_src-s14-n1373	svůj	svůj-1_^(přivlast.)	P8	P8IS4----------	CS:  <RFL>	../tmp/testing_import_ali_annot/04.cs-with-ru.poss.import/wsj_1935.final.streex##14.a_tree-en_src-s14-n323	their	their	PR	PRP$	EN:  <POS>	../tmp/testing_import_ali_annot/04.cs-with-ru.poss.import/wsj_1935.final.streex##14.a_tree-ru_src-s14-n293	своей	свой	P-	P--fsg	RU:  <RFL> <EXT> 
../tmp/testing_import_ali_annot/04.cs-with-ru.poss.import/wsj_1935.final.streex##15.a_tree-cs_src-s15-n1381	svoji	svůj-1_^(přivlast.)	P8	P8FS4----------	CS:  <RFL> <OPT>? 	../tmp/testing_import_ali_annot/04.cs-with-ru.poss.import/wsj_1935.final.streex##15.a_tree-en_src-s15-n334	its	its	PR	PRP$	EN:  <POS>	../tmp/testing_import_ali_annot/04.cs-with-ru.poss.import/wsj_1935.final.streex##15.a_tree-ru_src-s15-n304	свои	свой	P-	P---pa	RU:  <RFL> <OPT> 
../tmp/testing_import_ali_annot/04.cs-with-ru.poss.import/wsj_1935.final.streex##16.a_tree-cs_src-s16-n1398	své	svůj-1_^(přivlast.)	P8	P8NS4---------1	CS:  <RFL> <OPT> 	../tmp/testing_import_ali_annot/04.cs-with-ru.poss.import/wsj_1935.final.streex##16.a_tree-en_src-s16-n351	his	his	PR	PRP$	EN:  <POS>	../tmp/testing_import_ali_annot/04.cs-with-ru.poss.import/wsj_1935.final.streex##16.a_tree-ru_src-s16-n321	свою	свой	P-	P--fsa	RU:  <RFL> <OPT> 
../tmp/testing_import_ali_annot/04.cs-with-ru.poss.import/wsj_1935.final.streex##24.a_tree-cs_src-s24-n1494	svůj	svůj-1_^(přivlast.)	P8	P8IS4----------	CS:  <RFL> 	../tmp/testing_import_ali_annot/04.cs-with-ru.poss.import/wsj_1935.final.streex##24.a_tree-en_src-s24-n463	his	his	PR	PRP$	EN:  <POS>	../tmp/testing_import_ali_annot/04.cs-with-ru.poss.import/wsj_1935.final.streex##24.a_tree-ru_src-s24-n418	свою	свой	P-	P--fsa	RU:  <RFL> 
../tmp/testing_import_ali_annot/04.cs-with-ru.poss.import/wsj_1935.final.streex##35.a_tree-cs_src-s35-n1674	své	svůj-1_^(přivlast.)	P8	P8NS4---------1	CS:  <RFL> <OPT> 	../tmp/testing_import_ali_annot/04.cs-with-ru.poss.import/wsj_1935.final.streex##35.a_tree-en_src-s35-n647	their	their	PR	PRP$	EN:  <POS>	../tmp/testing_import_ali_annot/04.cs-with-ru.poss.import/wsj_1935.final.streex##35.a_tree-ru_src-s35-n606	свои	свой	P-	P---pa	RU:  <RFL> <OPT> 
../tmp/testing_import_ali_annot/04.cs-with-ru.poss.import/wsj_1935.final.streex##35.a_tree-cs_src-s35-n1684	jeho	jeho_^(přivlast.)	PS	PSXXXZS3-------	CS:  <POS>  	../tmp/testing_import_ali_annot/04.cs-with-ru.poss.import/wsj_1935.final.streex##35.a_tree-en_src-s35-n658	his	his	PR	PRP$	EN:  <POS>	../tmp/testing_import_ali_annot/04.cs-with-ru.poss.import/wsj_1935.final.streex##35.a_tree-ru_src-s35-n617	его	он	P-	P-3msa	RU:  <POS> 
../tmp/testing_import_ali_annot/04.cs-with-ru.poss.import/wsj_1935.final.streex##37.a_tree-cs_src-s37-n1729	jeho	jeho_^(přivlast.)	PS	PSXXXZS3-------	CS:  <POS>	../tmp/testing_import_ali_annot/04.cs-with-ru.poss.import/wsj_1935.final.streex##37.a_tree-en_src-s37-n707	his	his	PR	PRP$	EN:  <POS>	../tmp/testing_import_ali_annot/04.cs-with-ru.poss.import/wsj_1935.final.streex##37.a_tree-ru_src-s37-n662	его	он	P-	P-3msa	RU:  <POS> 
../tmp/testing_import_ali_annot/04.cs-with-ru.poss.import/wsj_1935.final.streex##42.a_tree-cs_src-s42-n1787	jeho	jeho_^(přivlast.)	PS	PSXXXZS3-------	CS:  <POS> 	../tmp/testing_import_ali_annot/04.cs-with-ru.poss.import/wsj_1935.final.streex##42.a_tree-en_src-s42-n763	his	his	PR	PRP$	EN:  <POS>	../tmp/testing_import_ali_annot/04.cs-with-ru.poss.import/wsj_1935.final.streex##42.a_tree-ru_src-s42-n718	его	он	P-	P-3msa	RU:  <POS> 
../tmp/testing_import_ali_annot/04.cs-with-ru.poss.import/wsj_1935.final.streex##47.a_tree-cs_src-s47-n1839	Jejich	jeho_^(přivlast.)	PS	PSXXXXP3-------	CS:  <POS> 	../tmp/testing_import_ali_annot/04.cs-with-ru.poss.import/wsj_1935.final.streex##47.a_tree-en_src-s47-n808	Their	their	PR	PRP$	EN:  <POS>	../tmp/testing_import_ali_annot/04.cs-with-ru.poss.import/wsj_1935.final.streex##47.a_tree-ru_src-s47-n773	Их	они	P-	P-3-pa	RU:  <POS> <OPT>? <LPM> 
../tmp/testing_import_ali_annot/04.cs-with-ru.poss.import/wsj_1935.final.streex##49.a_tree-cs_src-s49-n1887	svá	svůj-1_^(přivlast.)	P8	P8NP4---------1	CS:  <RFL> 	../tmp/testing_import_ali_annot/04.cs-with-ru.poss.import/wsj_1935.final.streex##49.a_tree-en_src-s49-n861	their	their	PR	PRP$	EN:  <POS>	../tmp/testing_import_ali_annot/04.cs-with-ru.poss.import/wsj_1935.final.streex##49.a_tree-ru_src-s49-n818	свои	свой	P-	P---pa	RU:  <RFL> 
../tmp/testing_import_ali_annot/04.cs-with-ru.poss.import/wsj_1935.final.streex##52.a_tree-cs_src-s52-n1924	jeho	jeho_^(přivlast.)	PS	PSXXXZS3-------	CS:  <POS> <OPT> 	../tmp/testing_import_ali_annot/04.cs-with-ru.poss.import/wsj_1935.final.streex##52.a_tree-en_src-s52-n901	his	his	PR	PRP$	EN:  <POS>	../tmp/testing_import_ali_annot/04.cs-with-ru.poss.import/wsj_1935.final.streex##52.a_tree-ru_src-s52-n855	его	он	P-	P-3msa	RU:  <POS> <OPT> 
../tmp/testing_import_ali_annot/04.cs-with-ru.poss.import/wsj_1935.final.streex##53.a_tree-cs_src-s53-n1933	Jeho	jeho_^(přivlast.)	PS	PSXXXZS3-------	CS:  <POS>	../tmp/testing_import_ali_annot/04.cs-with-ru.poss.import/wsj_1935.final.streex##53.a_tree-en_src-s53-n910	His	his	PR	PRP$	EN:  <POS>	../tmp/testing_import_ali_annot/04.cs-with-ru.poss.import/wsj_1935.final.streex##53.a_tree-ru_src-s53-n865	Его	он	P-	P-3msa	RU:  <POS> 
../tmp/testing_import_ali_annot/04.cs-with-ru.poss.import/wsj_1935.final.streex##53.a_tree-cs_src-s53-n1937	jeho	jeho_^(přivlast.)	PS	PSXXXZS3-------	CS:  <POS> 	../tmp/testing_import_ali_annot/04.cs-with-ru.poss.import/wsj_1935.final.streex##53.a_tree-en_src-s53-n914	its	its	PR	PRP$	EN:  <POS>	../tmp/testing_import_ali_annot/04.cs-with-ru.poss.import/wsj_1935.final.streex##53.a_tree-ru_src-s53-n869	его	он	P-	P-3msa	RU:  <POS> 
../tmp/testing_import_ali_annot/04.cs-with-ru.poss.import/wsj_1935.final.streex##57.a_tree-cs_src-s57-n1998	jejich	jeho_^(přivlast.)	PS	PSXXXXP3-------	CS:  <POS> 	../tmp/testing_import_ali_annot/04.cs-with-ru.poss.import/wsj_1935.final.streex##57.a_tree-en_src-s57-n977	their	their	PR	PRP$	EN:  <POS>	../tmp/testing_import_ali_annot/04.cs-with-ru.poss.import/wsj_1935.final.streex##57.a_tree-ru_src-s57-n931	их	они	P-	P-3-pa	RU:  <POS> 
../tmp/testing_import_ali_annot/04.cs-with-ru.poss.import/wsj_1935.final.streex##58.a_tree-cs_src-s58-n2038	její	jeho_^(přivlast.)	PS	PSFSXFS3-------	CS:  <POS>	../tmp/testing_import_ali_annot/04.cs-with-ru.poss.import/wsj_1935.final.streex##58.a_tree-en_src-s58-n1024	her	her	PR	PRP$	EN:  <POS>	../tmp/testing_import_ali_annot/04.cs-with-ru.poss.import/wsj_1935.final.streex##58.a_tree-ru_src-s58-n975	своих	свой	P-	P---pg	RU:  <RFL> 
../tmp/testing_import_ali_annot/04.cs-with-ru.poss.import/wsj_1935.final.streex##59.a_tree-cs_src-s59-n2061	její	jeho_^(přivlast.)	PS	PSXP4FS3-------	CS:  <POS> 	../tmp/testing_import_ali_annot/04.cs-with-ru.poss.import/wsj_1935.final.streex##59.a_tree-en_src-s59-n1047	her	her	PR	PRP$	EN:  <POS>	../tmp/testing_import_ali_annot/04.cs-with-ru.poss.import/wsj_1935.final.streex##59.a_tree-ru_src-s59-n996	её	она	P-	P-3fsa	RU:  <POS> 
../tmp/testing_import_ali_annot/04.cs-with-ru.poss.import/wsj_1936.final.streex##11.a_tree-cs_src-s11-n1731	jejich	jeho_^(přivlast.)	PS	PSXXXXP3-------	CS:  <POS>	../tmp/testing_import_ali_annot/04.cs-with-ru.poss.import/wsj_1936.final.streex##11.a_tree-en_src-s11-n225	their	their	PR	PRP$	EN:  <POS>	../tmp/testing_import_ali_annot/04.cs-with-ru.poss.import/wsj_1936.final.streex##11.a_tree-ru_src-s11-n196	их	они	P-	P-3-pa	RU:  <POS> 
../tmp/testing_import_ali_annot/04.cs-with-ru.poss.import/wsj_1936.final.streex##11.a_tree-cs_src-s11-n1742	své	svůj-1_^(přivlast.)	P8	P8NS4---------1	CS:  <RFL> 	../tmp/testing_import_ali_annot/04.cs-with-ru.poss.import/wsj_1936.final.streex##11.a_tree-en_src-s11-n237	his	his	PR	PRP$	EN:  <POS>	../tmp/testing_import_ali_annot/04.cs-with-ru.poss.import/wsj_1936.final.streex##11.a_tree-ru_src-s11-n208	свой	свой	P-	P--msa	RU:  <RFL> 
../tmp/testing_import_ali_annot/04.cs-with-ru.poss.import/wsj_1936.final.streex##24.a_tree-cs_src-s24-n2050	svojí	svůj-1_^(přivlast.)	P8	P8FS7----------	CS:  <RFL> <LMP> 	../tmp/testing_import_ali_annot/04.cs-with-ru.poss.import/wsj_1936.final.streex##24.a_tree-en_src-s24-n589	its	its	PR	PRP$	EN:  <POS>	../tmp/testing_import_ali_annot/04.cs-with-ru.poss.import/wsj_1936.final.streex##24.a_tree-ru_src-s24-n520	своей	свой	P-	P--fsg	RU:  <RFL> <LPM> 
../tmp/testing_import_ali_annot/04.cs-with-ru.poss.import/wsj_1936.final.streex##34.a_tree-cs_src-s34-n2302	jeho	jeho_^(přivlast.)	PS	PSXXXZS3-------	CS:  <POS> 	../tmp/testing_import_ali_annot/04.cs-with-ru.poss.import/wsj_1936.final.streex##34.a_tree-en_src-s34-n856	his	his	PR	PRP$	EN:  <POS>	../tmp/testing_import_ali_annot/04.cs-with-ru.poss.import/wsj_1936.final.streex##34.a_tree-ru_src-s34-n760	его	он	P-	P-3msa	RU:  <POS> 
../tmp/testing_import_ali_annot/04.cs-with-ru.poss.import/wsj_1936.final.streex##42.a_tree-cs_src-s42-n2481	její	jeho_^(přivlast.)	PS	PSIS4FS3-------	CS:  <POS>	../tmp/testing_import_ali_annot/04.cs-with-ru.poss.import/wsj_1936.final.streex##42.a_tree-en_src-s42-n1049	her	her	PR	PRP	EN: <PER><NOUN><VAL> 	../tmp/testing_import_ali_annot/04.cs-with-ru.poss.import/wsj_1936.final.streex##42.a_tree-ru_src-s42-n950	она	она	P-	P-3fsn	RU: <PER><NOUN><VAL> 
../tmp/testing_import_ali_annot/04.cs-with-ru.poss.import/wsj_1936.final.streex##43.a_tree-cs_src-s43-n2521	jeho	jeho_^(přivlast.)	PS	PSXXXZS3-------	CS:  <POS> <LPM> 	../tmp/testing_import_ali_annot/04.cs-with-ru.poss.import/wsj_1936.final.streex##43.a_tree-en_src-s43-n1097	its	its	PR	PRP$	EN:  <POS>	../tmp/testing_import_ali_annot/04.cs-with-ru.poss.import/wsj_1936.final.streex##43.a_tree-ru_src-s43-n987	его	он	P-	P-3msa	RU:  <POS> <OPT>? <LPM> 
../tmp/testing_import_ali_annot/04.cs-with-ru.poss.import/wsj_1936.final.streex##50.a_tree-cs_src-s50-n2721	své	svůj-1_^(přivlast.)	P8	P8NS4---------1	CS:  <RFL> <OPT>? <LPM> but clear from the context	../tmp/testing_import_ali_annot/04.cs-with-ru.poss.import/wsj_1936.final.streex##50.a_tree-en_src-s50-n1308	its	its	PR	PRP$	EN:  <POS>	../tmp/testing_import_ali_annot/04.cs-with-ru.poss.import/wsj_1936.final.streex##50.a_tree-ru_src-s50-n1185	свой	свой	P-	P--msa	RU:  <RFL> <OPT>? <LPM> but clear from the context
../tmp/testing_import_ali_annot/04.cs-with-ru.poss.import/wsj_1936.final.streex##52.a_tree-cs_src-s52-n2767	jeho	jeho_^(přivlast.)	PS	PSXXXZS3-------	CS:  <POS> <OPT> 	../tmp/testing_import_ali_annot/04.cs-with-ru.poss.import/wsj_1936.final.streex##52.a_tree-en_src-s52-n1357	His	his	PR	PRP$	EN:  <POS>	../tmp/testing_import_ali_annot/04.cs-with-ru.poss.import/wsj_1936.final.streex##52.a_tree-ru_src-s52-n1226	Степпенвулф	Степпенвулф	Nc	Ncmsnn	RU:  <NOUN>  
../tmp/testing_import_ali_annot/04.cs-with-ru.poss.import/wsj_1936.final.streex##55.a_tree-cs_src-s55-n2823	svoji	svůj-1_^(přivlast.)	P8	P8FS4----------	CS:  <RFL>	../tmp/testing_import_ali_annot/04.cs-with-ru.poss.import/wsj_1936.final.streex##55.a_tree-en_src-s55-n1422	his	his	PR	PRP$	EN:  <POS>	../tmp/testing_import_ali_annot/04.cs-with-ru.poss.import/wsj_1936.final.streex##55.a_tree-ru_src-s55-n1279	своим	свой	P-	P---pd	RU:  <RFL> 
../tmp/testing_import_ali_annot/04.cs-with-ru.poss.import/wsj_1937.final.streex##17.a_tree-cs_src-s17-n1435	jeho	jeho_^(přivlast.)	PS	PSXXXZS3-------	CS:  <POS> 	../tmp/testing_import_ali_annot/04.cs-with-ru.poss.import/wsj_1937.final.streex##17.a_tree-en_src-s17-n347	his	his	PR	PRP$	EN:  <POS>	../tmp/testing_import_ali_annot/04.cs-with-ru.poss.import/wsj_1937.final.streex##17.a_tree-ru_src-s17-n337	его	он	P-	P-3msa	RU:  <POS> 
../tmp/testing_import_ali_annot/04.cs-with-ru.poss.import/wsj_1937.final.streex##52.a_tree-cs_src-s52-n2140	její	jeho_^(přivlast.)	PS	PSZS1FS3-------	CS:  <POS> 	../tmp/testing_import_ali_annot/04.cs-with-ru.poss.import/wsj_1937.final.streex##52.a_tree-en_src-s52-n1073	its	its	PR	PRP$	EN:  <POS>	../tmp/testing_import_ali_annot/04.cs-with-ru.poss.import/wsj_1937.final.streex##52.a_tree-ru_src-s52-n1022	её	она	P-	P-3fsa	RU:  <POS>
../tmp/testing_import_ali_annot/04.cs-with-ru.poss.import/wsj_1938.final.streex##1.a_tree-cs_src-s1-n224	svou	svůj-1_^(přivlast.)	P8	P8FS4---------1	CS:  <RFL> <OPT> <LPM> but clear from the context 	../tmp/testing_import_ali_annot/04.cs-with-ru.poss.import/wsj_1938.final.streex##1.a_tree-en_src-s1-n11	their	their	PR	PRP$	EN:  <POS>	../tmp/testing_import_ali_annot/04.cs-with-ru.poss.import/wsj_1938.final.streex##1.a_tree-ru_src-s1-n11	свое	свое	P-	P--nsa	RU:  <RFL> <OPT> <LPM> but clear from the context
../tmp/testing_import_ali_annot/04.cs-with-ru.poss.import/wsj_1939.final.streex##1.a_tree-cs_src-s1-n1162	jeho	jeho_^(přivlast.)	PS	PSXXXZS3-------	CS:  <POS> 	../tmp/testing_import_ali_annot/04.cs-with-ru.poss.import/wsj_1939.final.streex##1.a_tree-en_src-s1-n44	his	his	PR	PRP$	EN:  <POS>	../tmp/testing_import_ali_annot/04.cs-with-ru.poss.import/wsj_1939.final.streex##1.a_tree-ru_src-s1-n48	его	он	P-	P-3msa	RU:  <POS> 
../tmp/testing_import_ali_annot/04.cs-with-ru.poss.import/wsj_1939.final.streex##4.a_tree-cs_src-s4-n1224	jeho	jeho_^(přivlast.)	PS	PSXXXZS3-------	CS:  <POS> 	../tmp/testing_import_ali_annot/04.cs-with-ru.poss.import/wsj_1939.final.streex##4.a_tree-en_src-s4-n118	his	his	PR	PRP$	EN:  <POS>	../tmp/testing_import_ali_annot/04.cs-with-ru.poss.import/wsj_1939.final.streex##4.a_tree-ru_src-s4-n124	его	он	P-	P-3msa	RU:  <POS> 
../tmp/testing_import_ali_annot/04.cs-with-ru.poss.import/wsj_1939.final.streex##4.a_tree-cs_src-s4-n1235	jejich	jeho_^(přivlast.)	PS	PSXXXXP3-------	CS:  <POS>	../tmp/testing_import_ali_annot/04.cs-with-ru.poss.import/wsj_1939.final.streex##4.a_tree-en_src-s4-n131	their	their	PR	PRP$	EN:  <POS>	../tmp/testing_import_ali_annot/04.cs-with-ru.poss.import/wsj_1939.final.streex##4.a_tree-ru_src-s4-n132	своих	свой	P-	P---pg	RU:  <POS> 
../tmp/testing_import_ali_annot/04.cs-with-ru.poss.import/wsj_1939.final.streex##23.a_tree-cs_src-s23-n1638	svůj	svůj-1_^(přivlast.)	P8	P8IS4----------	CS:  <RFL>	undef	undef	undef	undef	undef	EN:  <NUL>Anja_check	undef	undef	undef	undef	undef	RU:  <NUL>Anja_check
../tmp/testing_import_ali_annot/04.cs-with-ru.poss.import/wsj_1939.final.streex##24.a_tree-cs_src-s24-n1671	jeho	jeho_^(přivlast.)	PS	PSXXXZS3-------	CS:  <POS> <OPT> <LPM> but clear from the context 	../tmp/testing_import_ali_annot/04.cs-with-ru.poss.import/wsj_1939.final.streex##24.a_tree-en_src-s24-n642	his	his	PR	PRP$	EN:  <POS>	../tmp/testing_import_ali_annot/04.cs-with-ru.poss.import/wsj_1939.final.streex##24.a_tree-ru_src-s24-n557	его	он	P-	P-3msa	RU:  <POS> <OPT> <LPM> but clear from the context
../tmp/testing_import_ali_annot/04.cs-with-ru.poss.import/wsj_1939.final.streex##38.a_tree-cs_src-s38-n1982	jeho	jeho_^(přivlast.)	PS	PSXXXZS3-------	CS:  <POS> 	../tmp/testing_import_ali_annot/04.cs-with-ru.poss.import/wsj_1939.final.streex##38.a_tree-en_src-s38-n968	his	his	PR	PRP$	EN:  <POS>	../tmp/testing_import_ali_annot/04.cs-with-ru.poss.import/wsj_1939.final.streex##38.a_tree-ru_src-s38-n879	его	он	P-	P-3msa	RU:  <POS> 
../tmp/testing_import_ali_annot/04.cs-with-ru.poss.import/wsj_1943.final.streex##1.a_tree-cs_src-s1-n390	své	svůj-1_^(přivlast.)	P8	P8FS6---------1	CS:  <RFL>	../tmp/testing_import_ali_annot/04.cs-with-ru.poss.import/wsj_1943.final.streex##1.a_tree-en_src-s1-n15	's	's	PO	POS	EN: <NOUN>	undef	undef	undef	undef	undef	RU: <NUL>
../tmp/testing_import_ali_annot/04.cs-with-ru.poss.import/wsj_1943.final.streex##5.a_tree-cs_src-s5-n485	její	jeho_^(přivlast.)	PS	PSZS1FS3-------	CS:  <POS> 	../tmp/testing_import_ali_annot/04.cs-with-ru.poss.import/wsj_1943.final.streex##5.a_tree-en_src-s5-n125	its	its	PR	PRP$	EN:  <POS>	../tmp/testing_import_ali_annot/04.cs-with-ru.poss.import/wsj_1943.final.streex##5.a_tree-ru_src-s5-n111	свой	свой	P-	P--msa	RU:  <RFL> 
../tmp/testing_import_ali_annot/04.cs-with-ru.poss.import/wsj_1944.final.streex##1.a_tree-cs_src-s1-n727	své	svůj-1_^(přivlast.)	P8	P8YP4---------1	CS:  <RFL> <OPT> 	../tmp/testing_import_ali_annot/04.cs-with-ru.poss.import/wsj_1944.final.streex##1.a_tree-en_src-s1-n9	his	his	PR	PRP$	EN:  <POS>	../tmp/testing_import_ali_annot/04.cs-with-ru.poss.import/wsj_1944.final.streex##1.a_tree-ru_src-s1-n9	свои	свой	P-	P---pa	RU:  <RFL> <OPT>  
../tmp/testing_import_ali_annot/04.cs-with-ru.poss.import/wsj_1944.final.streex##1.a_tree-cs_src-s1-n730	svým	svůj-1_^(přivlast.)	P8	P8ZS7----------	CS:  <RFL> 	../tmp/testing_import_ali_annot/04.cs-with-ru.poss.import/wsj_1944.final.streex##1.a_tree-en_src-s1-n12	his	his	PR	PRP$	EN:  <POS>	../tmp/testing_import_ali_annot/04.cs-with-ru.poss.import/wsj_1944.final.streex##1.a_tree-ru_src-s1-n15	его	он	P-	P-3msa	RU:  <RFL>
../tmp/testing_import_ali_annot/04.cs-with-ru.poss.import/wsj_1944.final.streex##1.a_tree-cs_src-s1-n741	svých	svůj-1_^(přivlast.)	P8	P8XP2----------	CS:  <RFL> 	../tmp/testing_import_ali_annot/04.cs-with-ru.poss.import/wsj_1944.final.streex##1.a_tree-en_src-s1-n23	his	his	PR	PRP$	EN:  <POS>	../tmp/testing_import_ali_annot/04.cs-with-ru.poss.import/wsj_1944.final.streex##1.a_tree-ru_src-s1-n26	своих	свой	P-	P---pg	RU:  <RFL> 
../tmp/testing_import_ali_annot/04.cs-with-ru.poss.import/wsj_1944.final.streex##2.a_tree-cs_src-s2-n769	jeho	jeho_^(přivlast.)	PS	PSXXXZS3-------	CS:  <POS> 	../tmp/testing_import_ali_annot/04.cs-with-ru.poss.import/wsj_1944.final.streex##2.a_tree-en_src-s2-n44	his	his	PR	PRP$	EN:  <POS>	../tmp/testing_import_ali_annot/04.cs-with-ru.poss.import/wsj_1944.final.streex##2.a_tree-ru_src-s2-n46	его	он	P-	P-3msa	RU:  <POS> 
../tmp/testing_import_ali_annot/04.cs-with-ru.poss.import/wsj_1944.final.streex##5.a_tree-cs_src-s5-n829	svého	svůj-1_^(přivlast.)	P8	P8ZS2----------	CS:  <RFL> 	../tmp/testing_import_ali_annot/04.cs-with-ru.poss.import/wsj_1944.final.streex##5.a_tree-en_src-s5-n122	his	his	PR	PRP$	EN:  <POS>	../tmp/testing_import_ali_annot/04.cs-with-ru.poss.import/wsj_1944.final.streex##5.a_tree-ru_src-s5-n115	своего	свой	P-	P--nsg	RU:  <RFL> <OPT>? <LPM>
../tmp/testing_import_ali_annot/04.cs-with-ru.poss.import/wsj_1944.final.streex##6.a_tree-cs_src-s6-n856	jejich	jeho_^(přivlast.)	PS	PSXXXXP3-------	CS:  <POS> 	../tmp/testing_import_ali_annot/04.cs-with-ru.poss.import/wsj_1944.final.streex##6.a_tree-en_src-s6-n149	their	their	PR	PRP$	EN:  <POS>	../tmp/testing_import_ali_annot/04.cs-with-ru.poss.import/wsj_1944.final.streex##6.a_tree-ru_src-s6-n142	их	они	P-	P-3-pa	RU:  <POS> 
../tmp/testing_import_ali_annot/04.cs-with-ru.poss.import/wsj_1944.final.streex##13.a_tree-cs_src-s13-n989	svých	svůj-1_^(přivlast.)	P8	P8XP2----------	CS:  <RFL> 	../tmp/testing_import_ali_annot/04.cs-with-ru.poss.import/wsj_1944.final.streex##13.a_tree-en_src-s13-n285	their	their	PR	PRP$	EN:  <POS>	../tmp/testing_import_ali_annot/04.cs-with-ru.poss.import/wsj_1944.final.streex##13.a_tree-ru_src-s13-n262	своих	свой	P-	P---pg	RU:  <RFL> 
../tmp/testing_import_ali_annot/04.cs-with-ru.poss.import/wsj_1944.final.streex##17.a_tree-cs_src-s17-n1078	svého	svůj-1_^(přivlast.)	P8	P8ZS2----------	CS:  <RFL> 	../tmp/testing_import_ali_annot/04.cs-with-ru.poss.import/wsj_1944.final.streex##17.a_tree-en_src-s17-n395	his	his	PR	PRP$	EN:  <POS>	../tmp/testing_import_ali_annot/04.cs-with-ru.poss.import/wsj_1944.final.streex##17.a_tree-ru_src-s17-n370	своей	свой	P-	P--fsg	RU:  <RFL> 
../tmp/testing_import_ali_annot/04.cs-with-ru.poss.import/wsj_1944.final.streex##18.a_tree-cs_src-s18-n1085	svůj	svůj-1_^(přivlast.)	P8	P8IS4----------	CS:  <RFL>	../tmp/testing_import_ali_annot/04.cs-with-ru.poss.import/wsj_1944.final.streex##18.a_tree-en_src-s18-n417	the	the	DT	DT	EN: <THE>	undef	undef	undef	undef	undef	RU: <NUL>
../tmp/testing_import_ali_annot/04.cs-with-ru.poss.import/wsj_1944.final.streex##24.a_tree-cs_src-s24-n1153	své	svůj-1_^(přivlast.)	P8	P8YP4---------1	CS:  <RFL> 	../tmp/testing_import_ali_annot/04.cs-with-ru.poss.import/wsj_1944.final.streex##24.a_tree-en_src-s24-n487	their	their	PR	PRP$	EN:  <POS>	../tmp/testing_import_ali_annot/04.cs-with-ru.poss.import/wsj_1944.final.streex##24.a_tree-ru_src-s24-n463	свою	свой	P-	P--fsa	RU:  <RFL> 
../tmp/testing_import_ali_annot/04.cs-with-ru.poss.import/wsj_1944.final.streex##33.a_tree-cs_src-s33-n1323	jejich	jeho_^(přivlast.)	PS	PSXXXXP3-------	CS:  <POS> 	../tmp/testing_import_ali_annot/04.cs-with-ru.poss.import/wsj_1944.final.streex##33.a_tree-en_src-s33-n682	their	their	PR	PRP$	EN:  <POS>	../tmp/testing_import_ali_annot/04.cs-with-ru.poss.import/wsj_1944.final.streex##33.a_tree-ru_src-s33-n656	их	они	P-	P-3-pa	RU:  <POS>
../tmp/testing_import_ali_annot/04.cs-with-ru.poss.import/wsj_1946.final.streex##13.a_tree-cs_src-s13-n1329	jejich	jeho_^(přivlast.)	PS	PSXXXXP3-------	CS:  <POS> 	../tmp/testing_import_ali_annot/04.cs-with-ru.poss.import/wsj_1946.final.streex##13.a_tree-en_src-s13-n283	their	their	PR	PRP$	EN:  <POS>	../tmp/testing_import_ali_annot/04.cs-with-ru.poss.import/wsj_1946.final.streex##13.a_tree-ru_src-s13-n282	их	они	P-	P-3-pa	RU:  <POS> 
../tmp/testing_import_ali_annot/04.cs-with-ru.poss.import/wsj_1946.final.streex##32.a_tree-cs_src-s32-n1721	svém	svůj-1_^(přivlast.)	P8	P8ZS6----------	CS:  <RFL> <OPT> 	../tmp/testing_import_ali_annot/04.cs-with-ru.poss.import/wsj_1946.final.streex##32.a_tree-en_src-s32-n735	his	his	PR	PRP$	EN:  <POS>	../tmp/testing_import_ali_annot/04.cs-with-ru.poss.import/wsj_1946.final.streex##32.a_tree-ru_src-s32-n691	своём	свой	P-	P--nsl	RU:  <RFL> <OPT> 
../tmp/testing_import_ali_annot/04.cs-with-ru.poss.import/wsj_1946.final.streex##38.a_tree-cs_src-s38-n1844	jejich	jeho_^(přivlast.)	PS	PSXXXXP3-------	CS:  <POS> 	../tmp/testing_import_ali_annot/04.cs-with-ru.poss.import/wsj_1946.final.streex##38.a_tree-en_src-s38-n866	their	their	PR	PRP$	EN:  <POS>	../tmp/testing_import_ali_annot/04.cs-with-ru.poss.import/wsj_1946.final.streex##38.a_tree-ru_src-s38-n818	их	они	P-	P-3-pa	RU:  <POS> 
../tmp/testing_import_ali_annot/04.cs-with-ru.poss.import/wsj_1947.final.streex##16.a_tree-cs_src-s16-n710	své	svůj-1_^(přivlast.)	P8	P8FP4---------1	CS:  <RFL> 	../tmp/testing_import_ali_annot/04.cs-with-ru.poss.import/wsj_1947.final.streex##16.a_tree-en_src-s16-n297	their	their	PR	PRP$	EN:  <POS>	../tmp/testing_import_ali_annot/04.cs-with-ru.poss.import/wsj_1947.final.streex##16.a_tree-ru_src-s16-n271	их	они	P-	P-3-pa	RU:  <RFL> 
../tmp/testing_import_ali_annot/04.cs-with-ru.poss.import/wsj_1947.final.streex##17.a_tree-cs_src-s17-n738	její	jeho_^(přivlast.)	PS	PSZS1FS3-------	CS:  <POS> 	../tmp/testing_import_ali_annot/04.cs-with-ru.poss.import/wsj_1947.final.streex##17.a_tree-en_src-s17-n327	its	its	PR	PRP$	EN:  <POS>	../tmp/testing_import_ali_annot/04.cs-with-ru.poss.import/wsj_1947.final.streex##17.a_tree-ru_src-s17-n294	её	она	P-	P-3fsa	RU:  <POS> 
../tmp/testing_import_ali_annot/04.cs-with-ru.poss.import/wsj_1948.final.streex##6.a_tree-cs_src-s6-n605	její	jeho_^(přivlast.)	PS	PSXP1FS3-------	CS:  <POS>	../tmp/testing_import_ali_annot/04.cs-with-ru.poss.import/wsj_1948.final.streex##6.a_tree-en_src-s6-n146	Stearns	Stearns	NN	NNP	EN: <NOUN>	undef	undef	undef	undef	undef	RU: <NOUN>
../tmp/testing_import_ali_annot/04.cs-with-ru.poss.import/wsj_1948.final.streex##12.a_tree-cs_src-s12-n747	svého	svůj-1_^(přivlast.)	P8	P8ZS2----------	CS:  <RFL> 	../tmp/testing_import_ali_annot/04.cs-with-ru.poss.import/wsj_1948.final.streex##12.a_tree-en_src-s12-n317	its	its	PR	PRP$	EN:  <POS>	../tmp/testing_import_ali_annot/04.cs-with-ru.poss.import/wsj_1948.final.streex##12.a_tree-ru_src-s12-n319	его	он	P-	P-3msa	RU:  <POS> 
../tmp/testing_import_ali_annot/04.cs-with-ru.poss.import/wsj_1949.final.streex##4.a_tree-cs_src-s4-n465	své	svůj-1_^(přivlast.)	P8	P8FS2---------1	CS:  <RFL> 	../tmp/testing_import_ali_annot/04.cs-with-ru.poss.import/wsj_1949.final.streex##4.a_tree-en_src-s4-n82	its	its	PR	PRP$	EN:  <POS>	../tmp/testing_import_ali_annot/04.cs-with-ru.poss.import/wsj_1949.final.streex##4.a_tree-ru_src-s4-n73	свои	свой	P-	P---pa	RU:  <RFL> 
../tmp/testing_import_ali_annot/04.cs-with-ru.poss.import/wsj_1949.final.streex##5.a_tree-cs_src-s5-n477	jeho	jeho_^(přivlast.)	PS	PSXXXZS3-------	CS:  <POS> 	../tmp/testing_import_ali_annot/04.cs-with-ru.poss.import/wsj_1949.final.streex##5.a_tree-en_src-s5-n95	his	his	PR	PRP$	EN:  <POS>	../tmp/testing_import_ali_annot/04.cs-with-ru.poss.import/wsj_1949.final.streex##5.a_tree-ru_src-s5-n87	его	он	P-	P-3msa	RU:  <POS> <VAL> 
../tmp/testing_import_ali_annot/04.cs-with-ru.poss.import/wsj_1949.final.streex##10.a_tree-cs_src-s10-n615	Jeho	jeho_^(přivlast.)	PS	PSXXXZS3-------	CS:  <POS>	../tmp/testing_import_ali_annot/04.cs-with-ru.poss.import/wsj_1949.final.streex##10.a_tree-en_src-s10-n243	His	his	PR	PRP$	EN:  <POS>	../tmp/testing_import_ali_annot/04.cs-with-ru.poss.import/wsj_1949.final.streex##10.a_tree-ru_src-s10-n231	Его	он	P-	P-3msa	RU:  <POS> 
../tmp/testing_import_ali_annot/04.cs-with-ru.poss.import/wsj_1949.final.streex##13.a_tree-cs_src-s13-n696	jejich	jeho_^(přivlast.)	PS	PSXXXXP3-------	CS:  <POS>	../tmp/testing_import_ali_annot/04.cs-with-ru.poss.import/wsj_1949.final.streex##13.a_tree-en_src-s13-n334	the	the	DT	DT	EN: <THE> 	../tmp/testing_import_ali_annot/04.cs-with-ru.poss.import/wsj_1949.final.streex##13.a_tree-ru_src-s13-n326	они	они	P-	P-3-pn	RU: <NUL>
../tmp/testing_import_ali_annot/04.cs-with-ru.poss.import/wsj_1949.final.streex##14.a_tree-cs_src-s14-n731	její	jeho_^(přivlast.)	PS	PSIS4FS3-------	CS:  <POS> 	../tmp/testing_import_ali_annot/04.cs-with-ru.poss.import/wsj_1949.final.streex##14.a_tree-en_src-s14-n366	its	its	PR	PRP$	EN:  <POS>	../tmp/testing_import_ali_annot/04.cs-with-ru.poss.import/wsj_1949.final.streex##14.a_tree-ru_src-s14-n352	его	он	P-	P-3msa	RU:  <POS> 
../tmp/testing_import_ali_annot/04.cs-with-ru.poss.import/wsj_1949.final.streex##14.a_tree-cs_src-s14-n751	jejího	jeho_^(přivlast.)	PS	PSZS2FS3-------	CS:  <POS> 	../tmp/testing_import_ali_annot/04.cs-with-ru.poss.import/wsj_1949.final.streex##14.a_tree-en_src-s14-n387	its	its	PR	PRP$	EN:  <POS>	../tmp/testing_import_ali_annot/04.cs-with-ru.poss.import/wsj_1949.final.streex##14.a_tree-ru_src-s14-n373	его	он	P-	P-3msa	RU:  <POS> <PER>? 
